Component: ARM Compiler 5.06 update 3 (build 300) Tool: armlink [4d35c9]

==============================================================================

Section Cross References

    startup_stm32f40_41xxx.o(STACK) refers (Special) to heapauxi.o(.text) for __use_two_region_memory
    startup_stm32f40_41xxx.o(HEAP) refers (Special) to heapauxi.o(.text) for __use_two_region_memory
    startup_stm32f40_41xxx.o(RESET) refers (Special) to heapauxi.o(.text) for __use_two_region_memory
    startup_stm32f40_41xxx.o(RESET) refers to startup_stm32f40_41xxx.o(STACK) for __initial_sp
    startup_stm32f40_41xxx.o(RESET) refers to startup_stm32f40_41xxx.o(.text) for Reset_Handler
    startup_stm32f40_41xxx.o(RESET) refers to stm32f4xx_it.o(i.NMI_Handler) for NMI_Handler
    startup_stm32f40_41xxx.o(RESET) refers to stm32f4xx_it.o(i.HardFault_Handler) for HardFault_Handler
    startup_stm32f40_41xxx.o(RESET) refers to stm32f4xx_it.o(i.MemManage_Handler) for MemManage_Handler
    startup_stm32f40_41xxx.o(RESET) refers to stm32f4xx_it.o(i.BusFault_Handler) for BusFault_Handler
    startup_stm32f40_41xxx.o(RESET) refers to stm32f4xx_it.o(i.UsageFault_Handler) for UsageFault_Handler
    startup_stm32f40_41xxx.o(RESET) refers to stm32f4xx_it.o(i.SVC_Handler) for SVC_Handler
    startup_stm32f40_41xxx.o(RESET) refers to stm32f4xx_it.o(i.DebugMon_Handler) for DebugMon_Handler
    startup_stm32f40_41xxx.o(RESET) refers to stm32f4xx_it.o(i.PendSV_Handler) for PendSV_Handler
    startup_stm32f40_41xxx.o(RESET) refers to stm32f4xx_it.o(i.SysTick_Handler) for SysTick_Handler
    startup_stm32f40_41xxx.o(RESET) refers to usart3.o(i.DMA1_Stream1_IRQHandler) for DMA1_Stream1_IRQHandler
    startup_stm32f40_41xxx.o(RESET) refers to usart3.o(i.DMA1_Stream4_IRQHandler) for DMA1_Stream4_IRQHandler
    startup_stm32f40_41xxx.o(RESET) refers to time3_encoder.o(i.TIM3_IRQHandler) for TIM3_IRQHandler
    startup_stm32f40_41xxx.o(RESET) refers to usart3.o(i.USART3_IRQHandler) for USART3_IRQHandler
    startup_stm32f40_41xxx.o(RESET) refers to time5_encoder.o(i.TIM5_IRQHandler) for TIM5_IRQHandler
    startup_stm32f40_41xxx.o(RESET) refers to time6.o(i.TIM6_DAC_IRQHandler) for TIM6_DAC_IRQHandler
    startup_stm32f40_41xxx.o(.text) refers (Special) to heapauxi.o(.text) for __use_two_region_memory
    startup_stm32f40_41xxx.o(.text) refers to system_stm32f4xx.o(i.SystemInit) for SystemInit
    startup_stm32f40_41xxx.o(.text) refers to __main.o(!!!main) for __main
    startup_stm32f40_41xxx.o(.text) refers to startup_stm32f40_41xxx.o(HEAP) for Heap_Mem
    startup_stm32f40_41xxx.o(.text) refers to startup_stm32f40_41xxx.o(STACK) for Stack_Mem
    system_stm32f4xx.o(i.SystemCoreClockUpdate) refers to system_stm32f4xx.o(.data) for SystemCoreClock
    system_stm32f4xx.o(i.SystemInit) refers to system_stm32f4xx.o(i.SetSysClock) for SetSysClock
    stm32f4xx_fsmc.o(i.FSMC_NORSRAMStructInit) refers to stm32f4xx_fsmc.o(.constdata) for FSMC_DefaultTimingStruct
    stm32f4xx_gpio.o(i.GPIO_DeInit) refers to stm32f4xx_rcc.o(i.RCC_AHB1PeriphResetCmd) for RCC_AHB1PeriphResetCmd
    stm32f4xx_rcc.o(i.RCC_GetClocksFreq) refers to stm32f4xx_rcc.o(.data) for APBAHBPrescTable
    stm32f4xx_rcc.o(i.RCC_WaitForHSEStartUp) refers to stm32f4xx_rcc.o(i.RCC_GetFlagStatus) for RCC_GetFlagStatus
    stm32f4xx_tim.o(i.TIM_DeInit) refers to stm32f4xx_rcc.o(i.RCC_APB2PeriphResetCmd) for RCC_APB2PeriphResetCmd
    stm32f4xx_tim.o(i.TIM_DeInit) refers to stm32f4xx_rcc.o(i.RCC_APB1PeriphResetCmd) for RCC_APB1PeriphResetCmd
    stm32f4xx_tim.o(i.TIM_ETRClockMode1Config) refers to stm32f4xx_tim.o(i.TIM_ETRConfig) for TIM_ETRConfig
    stm32f4xx_tim.o(i.TIM_ETRClockMode2Config) refers to stm32f4xx_tim.o(i.TIM_ETRConfig) for TIM_ETRConfig
    stm32f4xx_tim.o(i.TIM_ICInit) refers to stm32f4xx_tim.o(i.TI1_Config) for TI1_Config
    stm32f4xx_tim.o(i.TIM_ICInit) refers to stm32f4xx_tim.o(i.TIM_SetIC1Prescaler) for TIM_SetIC1Prescaler
    stm32f4xx_tim.o(i.TIM_ICInit) refers to stm32f4xx_tim.o(i.TI2_Config) for TI2_Config
    stm32f4xx_tim.o(i.TIM_ICInit) refers to stm32f4xx_tim.o(i.TIM_SetIC2Prescaler) for TIM_SetIC2Prescaler
    stm32f4xx_tim.o(i.TIM_ICInit) refers to stm32f4xx_tim.o(i.TI3_Config) for TI3_Config
    stm32f4xx_tim.o(i.TIM_ICInit) refers to stm32f4xx_tim.o(i.TIM_SetIC3Prescaler) for TIM_SetIC3Prescaler
    stm32f4xx_tim.o(i.TIM_ICInit) refers to stm32f4xx_tim.o(i.TI4_Config) for TI4_Config
    stm32f4xx_tim.o(i.TIM_ICInit) refers to stm32f4xx_tim.o(i.TIM_SetIC4Prescaler) for TIM_SetIC4Prescaler
    stm32f4xx_tim.o(i.TIM_ITRxExternalClockConfig) refers to stm32f4xx_tim.o(i.TIM_SelectInputTrigger) for TIM_SelectInputTrigger
    stm32f4xx_tim.o(i.TIM_PWMIConfig) refers to stm32f4xx_tim.o(i.TI1_Config) for TI1_Config
    stm32f4xx_tim.o(i.TIM_PWMIConfig) refers to stm32f4xx_tim.o(i.TIM_SetIC1Prescaler) for TIM_SetIC1Prescaler
    stm32f4xx_tim.o(i.TIM_PWMIConfig) refers to stm32f4xx_tim.o(i.TI2_Config) for TI2_Config
[...]
    Removing stm32f4xx_tim.o(i.TIM_UpdateRequestConfig), (24 bytes).
    Removing stm32f4xx_usart.o(.rev16_text), (4 bytes).
    Removing stm32f4xx_usart.o(.revsh_text), (4 bytes).
    Removing stm32f4xx_usart.o(i.USART_ClearFlag), (18 bytes).
    Removing stm32f4xx_usart.o(i.USART_ClearITPendingBit), (30 bytes).
    Removing stm32f4xx_usart.o(i.USART_ClockInit), (32 bytes).
    Removing stm32f4xx_usart.o(i.USART_ClockStructInit), (12 bytes).
    Removing stm32f4xx_usart.o(i.USART_DeInit), (240 bytes).
    Removing stm32f4xx_usart.o(i.USART_GetFlagStatus), (26 bytes).
    Removing stm32f4xx_usart.o(i.USART_HalfDuplexCmd), (24 bytes).
    Removing stm32f4xx_usart.o(i.USART_IrDACmd), (24 bytes).
    Removing stm32f4xx_usart.o(i.USART_IrDAConfig), (18 bytes).
    Removing stm32f4xx_usart.o(i.USART_LINBreakDetectLengthConfig), (18 bytes).
    Removing stm32f4xx_usart.o(i.USART_LINCmd), (24 bytes).
    Removing stm32f4xx_usart.o(i.USART_OneBitMethodCmd), (24 bytes).
    Removing stm32f4xx_usart.o(i.USART_OverSampling8Cmd), (22 bytes).
    Removing stm32f4xx_usart.o(i.USART_ReceiverWakeUpCmd), (24 bytes).
    Removing stm32f4xx_usart.o(i.USART_SendBreak), (10 bytes).
    Removing stm32f4xx_usart.o(i.USART_SendData), (8 bytes).
    Removing stm32f4xx_usart.o(i.USART_SetAddress), (18 bytes).
    Removing stm32f4xx_usart.o(i.USART_SetGuardTime), (16 bytes).
    Removing stm32f4xx_usart.o(i.USART_SetPrescaler), (16 bytes).
    Removing stm32f4xx_usart.o(i.USART_SmartCardCmd), (24 bytes).
    Removing stm32f4xx_usart.o(i.USART_SmartCardNACKCmd), (24 bytes).
    Removing stm32f4xx_usart.o(i.USART_StructInit), (24 bytes).
    Removing stm32f4xx_usart.o(i.USART_WakeUpConfig), (18 bytes).
    Removing stm32f4xx_dma.o(.rev16_text), (4 bytes).
    Removing stm32f4xx_dma.o(.revsh_text), (4 bytes).
    Removing stm32f4xx_dma.o(i.DMA_ClearFlag), (52 bytes).
    Removing stm32f4xx_dma.o(i.DMA_DeInit), (344 bytes).
    Removing stm32f4xx_dma.o(i.DMA_DoubleBufferModeCmd), (22 bytes).
    Removing stm32f4xx_dma.o(i.DMA_DoubleBufferModeConfig), (24 bytes).
    Removing stm32f4xx_dma.o(i.DMA_FlowControllerConfig), (22 bytes).
    Removing stm32f4xx_dma.o(i.DMA_GetCmdStatus), (20 bytes).
    Removing stm32f4xx_dma.o(i.DMA_GetCurrentMemoryTarget), (20 bytes).
    Removing stm32f4xx_dma.o(i.DMA_GetFIFOStatus), (12 bytes).
    Removing stm32f4xx_dma.o(i.DMA_GetFlagStatus), (68 bytes).
    Removing stm32f4xx_dma.o(i.DMA_MemoryTargetConfig), (10 bytes).
    Removing stm32f4xx_dma.o(i.DMA_PeriphIncOffsetSizeConfig), (22 bytes).
    Removing stm32f4xx_dma.o(i.DMA_SetCurrDataCounter), (4 bytes).
    Removing stm32f4xx_dma.o(i.DMA_StructInit), (34 bytes).
    Removing stm32f4xx_dma2d.o(.rev16_text), (4 bytes).
    Removing stm32f4xx_dma2d.o(.revsh_text), (4 bytes).
    Removing stm32f4xx_dma2d.o(i.DMA2D_AbortTransfer), (20 bytes).
    Removing stm32f4xx_dma2d.o(i.DMA2D_BGConfig), (184 bytes).
    Removing stm32f4xx_dma2d.o(i.DMA2D_BGStart), (36 bytes).
    Removing stm32f4xx_dma2d.o(i.DMA2D_BG_StructInit), (26 bytes).
    Removing stm32f4xx_dma2d.o(i.DMA2D_ClearFlag), (12 bytes).
    Removing stm32f4xx_dma2d.o(i.DMA2D_ClearITPendingBit), (12 bytes).
    Removing stm32f4xx_dma2d.o(i.DMA2D_DeInit), (22 bytes).
    Removing stm32f4xx_dma2d.o(i.DMA2D_DeadTimeConfig), (56 bytes).
    Removing stm32f4xx_dma2d.o(i.DMA2D_FGConfig), (184 bytes).
    Removing stm32f4xx_dma2d.o(i.DMA2D_FGStart), (36 bytes).
    Removing stm32f4xx_dma2d.o(i.DMA2D_FG_StructInit), (26 bytes).
    Removing stm32f4xx_dma2d.o(i.DMA2D_GetFlagStatus), (24 bytes).
    Removing stm32f4xx_dma2d.o(i.DMA2D_GetITStatus), (44 bytes).
    Removing stm32f4xx_dma2d.o(i.DMA2D_ITConfig), (32 bytes).
    Removing stm32f4xx_dma2d.o(i.DMA2D_Init), (228 bytes).
    Removing stm32f4xx_dma2d.o(i.DMA2D_LineWatermarkConfig), (12 bytes).
    Removing stm32f4xx_dma2d.o(i.DMA2D_StartTransfer), (20 bytes).
    Removing stm32f4xx_dma2d.o(i.DMA2D_StructInit), (24 bytes).
    Removing stm32f4xx_dma2d.o(i.DMA2D_Suspend), (36 bytes).
    Removing main.o(.rev16_text), (4 bytes).
    Removing main.o(.revsh_text), (4 bytes).
    Removing stm32f4xx_it.o(.rev16_text), (4 bytes).
    Removing stm32f4xx_it.o(.revsh_text), (4 bytes).
    Removing led.o(.rev16_text), (4 bytes).
    Removing led.o(.revsh_text), (4 bytes).
    Removing time6.o(.rev16_text), (4 bytes).
    Removing time6.o(.revsh_text), (4 bytes).
    Removing dwin_lcd.o(.rev16_text), (4 bytes).
    Removing dwin_lcd.o(.revsh_text), (4 bytes).
    Removing crc16.o(.rev16_text), (4 bytes).
    Removing crc16.o(.revsh_text), (4 bytes).
    Removing time5_encoder.o(.rev16_text), (4 bytes).
    Removing time5_encoder.o(.revsh_text), (4 bytes).
    Removing time3_encoder.o(.rev16_text), (4 bytes).
    Removing time3_encoder.o(.revsh_text), (4 bytes).
    Removing fsmc.o(.rev16_text), (4 bytes).
    Removing fsmc.o(.revsh_text), (4 bytes).
    Removing fpga_communication.o(.rev16_text), (4 bytes).
    Removing fpga_communication.o(.revsh_text), (4 bytes).
    Removing dwin_lcd_communication.o(.rev16_text), (4 bytes).
    Removing dwin_lcd_communication.o(.revsh_text), (4 bytes).
    Removing usart3.o(.rev16_text), (4 bytes).
    Removing usart3.o(.revsh_text), (4 bytes).
    Removing usart3.o(i.USART3_Debug), (26 bytes).

260 unused section(s) (total 8522 bytes) removed from the image.

==============================================================================

Image Symbol Table

    Local Symbols

    Symbol Name                              Value     Ov Type        Size  Object(Section)

    ../clib/angel/boardlib.s                 0x00000000   Number         0  boardinit2.o ABSOLUTE
    ../clib/angel/boardlib.s                 0x00000000   Number         0  boardinit1.o ABSOLUTE
    ../clib/angel/boardlib.s                 0x00000000   Number         0  boardinit3.o ABSOLUTE
    ../clib/angel/boardlib.s                 0x00000000   Number         0  boardshut.o ABSOLUTE
    ../clib/angel/handlers.s                 0x00000000   Number         0  __scatter_copy.o ABSOLUTE
    ../clib/angel/handlers.s                 0x00000000   Number         0  __scatter_zi.o ABSOLUTE
    ../clib/angel/kernel.s                   0x00000000   Number         0  __rtentry.o ABSOLUTE
    ../clib/angel/kernel.s                   0x00000000   Number         0  rtexit.o ABSOLUTE
    ../clib/angel/kernel.s                   0x00000000   Number         0  __rtentry2.o ABSOLUTE
    ../clib/angel/kernel.s                   0x00000000   Number         0  rtexit2.o ABSOLUTE
    ../clib/angel/kernel.s                   0x00000000   Number         0  __rtentry4.o ABSOLUTE
    ../clib/angel/rt.s                       0x00000000   Number         0  rt_raise.o ABSOLUTE
    ../clib/angel/scatter.s                  0x00000000   Number         0  __scatter.o ABSOLUTE
    ../clib/angel/startup.s                  0x00000000   Number         0  __main.o ABSOLUTE
    ../clib/angel/sys.s                      0x00000000   Number         0  use_no_semi.o ABSOLUTE
    ../clib/angel/sys.s                      0x00000000   Number         0  indicate_semi.o ABSOLUTE
    ../clib/angel/sys.s                      0x00000000   Number         0  libspace.o ABSOLUTE
    ../clib/angel/sys.s                      0x00000000   Number         0  sys_stackheap_outer.o ABSOLUTE
    ../clib/angel/sysapp.c                   0x00000000   Number         0  sys_exit.o ABSOLUTE
    ../clib/angel/sysapp.c                   0x00000000   Number         0  sys_wrch.o ABSOLUTE
    ../clib/angel/sysapp.c                   0x00000000   Number         0  sys_command.o ABSOLUTE
    ../clib/armsys.c                         0x00000000   Number         0  _get_argv_nomalloc.o ABSOLUTE
    ../clib/armsys.c                         0x00000000   Number         0  argv_veneer.o ABSOLUTE
    ../clib/armsys.c                         0x00000000   Number         0  no_argv.o ABSOLUTE
    ../clib/armsys.c                         0x00000000   Number         0  argv_veneer.o ABSOLUTE
    ../clib/heapalloc.c                      0x00000000   Number         0  hrguard.o ABSOLUTE
    ../clib/heapaux.c                        0x00000000   Number         0  heapauxi.o ABSOLUTE
    ../clib/libinit.s                        0x00000000   Number         0  libshutdown2.o ABSOLUTE
    ../clib/libinit.s                        0x00000000   Number         0  libshutdown.o ABSOLUTE
    ../clib/libinit.s                        0x00000000   Number         0  libinit2.o ABSOLUTE
    ../clib/libinit.s                        0x00000000   Number         0  libinit.o ABSOLUTE
    ../clib/memcpset.s                       0x00000000   Number         0  rt_memcpy_w.o ABSOLUTE
    ../clib/signal.c                         0x00000000   Number         0  defsig_fpe_inner.o ABSOLUTE
    ../clib/signal.c                         0x00000000   Number         0  defsig_abrt_inner.o ABSOLUTE
    ../clib/signal.c                         0x00000000   Number         0  defsig_other.o ABSOLUTE
    ../clib/signal.c                         0x00000000   Number         0  defsig_exit.o ABSOLUTE
    ../clib/signal.c                         0x00000000   Number         0  defsig_rtmem_outer.o ABSOLUTE
    ../clib/signal.c                         0x00000000   Number         0  defsig_pvfn_inner.o ABSOLUTE
    ../clib/signal.c                         0x00000000   Number         0  __raise.o ABSOLUTE
    ../clib/signal.c                         0x00000000   Number         0  defsig_segv_inner.o ABSOLUTE
    ../clib/signal.c                         0x00000000   Number         0  defsig_cppl_inner.o ABSOLUTE
    ../clib/signal.c                         0x00000000   Number         0  defsig_rtmem_inner.o ABSOLUTE
    ../clib/signal.c                         0x00000000   Number         0  defsig_general.o ABSOLUTE
    ../clib/signal.c                         0x00000000   Number         0  defsig_stak_inner.o ABSOLUTE
    ../clib/signal.c                         0x00000000   Number         0  defsig_rtmem_formal.o ABSOLUTE
    ../clib/signal.c                         0x00000000   Number         0  defsig_rtred_inner.o ABSOLUTE
    ../clib/signal.s                         0x00000000   Number         0  defsig.o ABSOLUTE
    ../clib/stdlib.c                         0x00000000   Number         0  exit.o ABSOLUTE
    ../fplib/fpinit.s                        0x00000000   Number         0  fpinit.o ABSOLUTE
    ..\Libraries\CMSIS\startup\startup_stm32f40_41xxx.s 0x00000000   Number         0  startup_stm32f40_41xxx.o ABSOLUTE
    ..\Libraries\CMSIS\system_stm32f4xx.c    0x00000000   Number         0  system_stm32f4xx.o ABSOLUTE
    ..\Libraries\FWlib\src\misc.c            0x00000000   Number         0  misc.o ABSOLUTE
    ..\Libraries\FWlib\src\stm32f4xx_crc.c   0x00000000   Number         0  stm32f4xx_crc.o ABSOLUTE
    ..\Libraries\FWlib\src\stm32f4xx_dma.c   0x00000000   Number         0  stm32f4xx_dma.o ABSOLUTE
    ..\Libraries\FWlib\src\stm32f4xx_dma2d.c 0x00000000   Number         0  stm32f4xx_dma2d.o ABSOLUTE
    ..\Libraries\FWlib\src\stm32f4xx_fsmc.c  0x00000000   Number         0  stm32f4xx_fsmc.o ABSOLUTE
    ..\Libraries\FWlib\src\stm32f4xx_gpio.c  0x00000000   Number         0  stm32f4xx_gpio.o ABSOLUTE
    ..\Libraries\FWlib\src\stm32f4xx_rcc.c   0x00000000   Number         0  stm32f4xx_rcc.o ABSOLUTE
    ..\Libraries\FWlib\src\stm32f4xx_tim.c   0x00000000   Number         0  stm32f4xx_tim.o ABSOLUTE
    ..\Libraries\FWlib\src\stm32f4xx_usart.c 0x00000000   Number         0  stm32f4xx_usart.o ABSOLUTE
    ..\User\CRC16\CRC16.c                    0x00000000   Number         0  crc16.o ABSOLUTE
    ..\User\DWIN_LCD\DWIN_LCD.c              0x00000000   Number         0  dwin_lcd.o ABSOLUTE
    ..\User\DWIN_LCD_Communication\DWIN_LCD_Communication.c 0x00000000   Number         0  dwin_lcd_communication.o ABSOLUTE
    ..\User\Encoder\TIME3_Encoder.c          0x00000000   Number         0  time3_encoder.o ABSOLUTE
    ..\User\Encoder\TIME5_Encoder.c          0x00000000   Number         0  time5_encoder.o ABSOLUTE
    ..\User\FPGA_Communication\FPGA_Communication.c 0x00000000   Number         0  fpga_communication.o ABSOLUTE
    ..\User\FSMC\FSMC.c                      0x00000000   Number         0  fsmc.o ABSOLUTE
    ..\User\LED\LED.c                        0x00000000   Number         0  led.o ABSOLUTE
    ..\User\TIM6\TIME6.c                     0x00000000   Number         0  time6.o ABSOLUTE
    ..\User\USART3\USART3.c                  0x00000000   Number         0  usart3.o ABSOLUTE
    ..\User\main.c                           0x00000000   Number         0  main.o ABSOLUTE
    ..\User\stm32f4xx_it.c                   0x00000000   Number         0  stm32f4xx_it.o ABSOLUTE
    ..\\Libraries\\CMSIS\\system_stm32f4xx.c 0x00000000   Number         0  system_stm32f4xx.o ABSOLUTE
    ..\\Libraries\\FWlib\\src\\misc.c        0x00000000   Number         0  misc.o ABSOLUTE
    ..\\Libraries\\FWlib\\src\\stm32f4xx_crc.c 0x00000000   Number         0  stm32f4xx_crc.o ABSOLUTE
    ..\\Libraries\\FWlib\\src\\stm32f4xx_dma.c 0x00000000   Number         0  stm32f4xx_dma.o ABSOLUTE
    ..\\Libraries\\FWlib\\src\\stm32f4xx_dma2d.c 0x00000000   Number         0  stm32f4xx_dma2d.o ABSOLUTE
    ..\\Libraries\\FWlib\\src\\stm32f4xx_fsmc.c 0x00000000   Number         0  stm32f4xx_fsmc.o ABSOLUTE
    ..\\Libraries\\FWlib\\src\\stm32f4xx_gpio.c 0x00000000   Number         0  stm32f4xx_gpio.o ABSOLUTE
    ..\\Libraries\\FWlib\\src\\stm32f4xx_rcc.c 0x00000000   Number         0  stm32f4xx_rcc.o ABSOLUTE
    ..\\Libraries\\FWlib\\src\\stm32f4xx_tim.c 0x00000000   Number         0  stm32f4xx_tim.o ABSOLUTE
    ..\\Libraries\\FWlib\\src\\stm32f4xx_usart.c 0x00000000   Number         0  stm32f4xx_usart.o ABSOLUTE
    ..\\User\\CRC16\\CRC16.c                 0x00000000   Number         0  crc16.o ABSOLUTE
    ..\\User\\DWIN_LCD\\DWIN_LCD.c           0x00000000   Number         0  dwin_lcd.o ABSOLUTE
    ..\\User\\DWIN_LCD_Communication\\DWIN_LCD_Communication.c 0x00000000   Number         0  dwin_lcd_communication.o ABSOLUTE
    ..\\User\\Encoder\\TIME3_Encoder.c       0x00000000   Number         0  time3_encoder.o ABSOLUTE
    ..\\User\\Encoder\\TIME5_Encoder.c       0x00000000   Number         0  time5_encoder.o ABSOLUTE
    ..\\User\\FPGA_Communication\\FPGA_Communication.c 0x00000000   Number         0  fpga_communication.o ABSOLUTE
    ..\\User\\FSMC\\FSMC.c                   0x00000000   Number         0  fsmc.o ABSOLUTE
    ..\\User\\LED\\LED.c                     0x00000000   Number         0  led.o ABSOLUTE
    ..\\User\\TIM6\\TIME6.c                  0x00000000   Number         0  time6.o ABSOLUTE
    ..\\User\\USART3\\USART3.c               0x00000000   Number         0  usart3.o ABSOLUTE
    ..\\User\\main.c                         0x00000000   Number         0  main.o ABSOLUTE
    ..\\User\\stm32f4xx_it.c                 0x00000000   Number         0  stm32f4xx_it.o ABSOLUTE
    dc.s                                     0x00000000   Number         0  dc.o ABSOLUTE
    RESET                                    0x08000000   Section      392  startup_stm32f40_41xxx.o(RESET)
    !!!main                                  0x08000188   Section        8  __main.o(!!!main)
    !!!scatter                               0x08000190   Section       52  __scatter.o(!!!scatter)
    !!handler_copy                           0x080001c4   Section       26  __scatter_copy.o(!!handler_copy)
    !!handler_zi                             0x080001e0   Section       28  __scatter_zi.o(!!handler_zi)
    .ARM.Collect$$libinit$$00000000          0x080001fc   Section        2  libinit.o(.ARM.Collect$$libinit$$00000000)
    .ARM.Collect$$libinit$$00000001          0x080001fe   Section        4  libinit2.o(.ARM.Collect$$libinit$$00000001)
    .ARM.Collect$$libinit$$00000004          0x08000202   Section        0  libinit2.o(.ARM.Collect$$libinit$$00000004)
    .ARM.Collect$$libinit$$0000000A          0x08000202   Section        0  libinit2.o(.ARM.Collect$$libinit$$0000000A)
    .ARM.Collect$$libinit$$0000000C          0x08000202   Section        0  libinit2.o(.ARM.Collect$$libinit$$0000000C)
    .ARM.Collect$$libinit$$0000000E          0x08000202   Section        0  libinit2.o(.ARM.Collect$$libinit$$0000000E)
    .ARM.Collect$$libinit$$00000011          0x08000202   Section        0  libinit2.o(.ARM.Collect$$libinit$$00000011)
    .ARM.Collect$$libinit$$00000013          0x08000202   Section        0  libinit2.o(.ARM.Collect$$libinit$$00000013)
    .ARM.Collect$$libinit$$00000015          0x08000202   Section        0  libinit2.o(.ARM.Collect$$libinit$$00000015)
    .ARM.Collect$$libinit$$00000017          0x08000202   Section        0  libinit2.o(.ARM.Collect$$libinit$$00000017)
    .ARM.Collect$$libinit$$00000019          0x08000202   Section        0  libinit2.o(.ARM.Collect$$libinit$$00000019)
    .ARM.Collect$$libinit$$0000001B          0x08000202   Section        0  libinit2.o(.ARM.Collect$$libinit$$0000001B)
    .ARM.Collect$$libinit$$0000001D          0x08000202   Section        0  libinit2.o(.ARM.Collect$$libinit$$0000001D)
    .ARM.Collect$$libinit$$0000001F          0x08000202   Section        0  libinit2.o(.ARM.Collect$$libinit$$0000001F)
    .ARM.Collect$$libinit$$00000021          0x08000202   Section        0  libinit2.o(.ARM.Collect$$libinit$$00000021)
    .ARM.Collect$$libinit$$00000023          0x08000202   Section        0  libinit2.o(.ARM.Collect$$libinit$$00000023)
    .ARM.Collect$$libinit$$00000025          0x08000202   Section        0  libinit2.o(.ARM.Collect$$libinit$$00000025)
    .ARM.Collect$$libinit$$0000002C          0x08000202   Section        0  libinit2.o(.ARM.Collect$$libinit$$0000002C)
    .ARM.Collect$$libinit$$0000002E          0x08000202   Section        0  libinit2.o(.ARM.Collect$$libinit$$0000002E)
    .ARM.Collect$$libinit$$00000030          0x08000202   Section        0  libinit2.o(.ARM.Collect$$libinit$$00000030)
    .ARM.Collect$$libinit$$00000032          0x08000202   Section        0  libinit2.o(.ARM.Collect$$libinit$$00000032)
    .ARM.Collect$$libinit$$00000033          0x08000202   Section        2  libinit2.o(.ARM.Collect$$libinit$$00000033)
    .ARM.Collect$$libshutdown$$00000000      0x08000204   Section        2  libshutdown.o(.ARM.Collect$$libshutdown$$00000000)
    .ARM.Collect$$libshutdown$$00000002      0x08000206   Section        0  libshutdown2.o(.ARM.Collect$$libshutdown$$00000002)
    .ARM.Collect$$libshutdown$$00000004      0x08000206   Section        0  libshutdown2.o(.ARM.Collect$$libshutdown$$00000004)
    .ARM.Collect$$libshutdown$$00000007      0x08000206   Section        0  libshutdown2.o(.ARM.Collect$$libshutdown$$00000007)
    .ARM.Collect$$libshutdown$$0000000A      0x08000206   Section        0  libshutdown2.o(.ARM.Collect$$libshutdown$$0000000A)
    .ARM.Collect$$libshutdown$$0000000C      0x08000206   Section        0  libshutdown2.o(.ARM.Collect$$libshutdown$$0000000C)
    .ARM.Collect$$libshutdown$$0000000F      0x08000206   Section        0  libshutdown2.o(.ARM.Collect$$libshutdown$$0000000F)
    .ARM.Collect$$libshutdown$$00000010      0x08000206   Section        2  libshutdown2.o(.ARM.Collect$$libshutdown$$00000010)
    .ARM.Collect$$rtentry$$00000000          0x08000208   Section        0  __rtentry.o(.ARM.Collect$$rtentry$$00000000)
    .ARM.Collect$$rtentry$$00000002          0x08000208   Section        0  __rtentry2.o(.ARM.Collect$$rtentry$$00000002)
    .ARM.Collect$$rtentry$$00000004          0x08000208   Section        6  __rtentry4.o(.ARM.Collect$$rtentry$$00000004)
    .ARM.Collect$$rtentry$$00000009          0x0800020e   Section        0  __rtentry2.o(.ARM.Collect$$rtentry$$00000009)
    .ARM.Collect$$rtentry$$0000000A          0x0800020e   Section        4  __rtentry2.o(.ARM.Collect$$rtentry$$0000000A)
    .ARM.Collect$$rtentry$$0000000C          0x08000212   Section        0  __rtentry2.o(.ARM.Collect$$rtentry$$0000000C)
    .ARM.Collect$$rtentry$$0000000D          0x08000212   Section        8  __rtentry2.o(.ARM.Collect$$rtentry$$0000000D)
    .ARM.Collect$$rtexit$$00000000           0x0800021a   Section        2  rtexit.o(.ARM.Collect$$rtexit$$00000000)
    .ARM.Collect$$rtexit$$00000002           0x0800021c   Section        0  rtexit2.o(.ARM.Collect$$rtexit$$00000002)
    .ARM.Collect$$rtexit$$00000003           0x0800021c   Section        4  rtexit2.o(.ARM.Collect$$rtexit$$00000003)
    .ARM.Collect$$rtexit$$00000004           0x08000220   Section        6  rtexit2.o(.ARM.Collect$$rtexit$$00000004)
    .text                                    0x08000228   Section       64  startup_stm32f40_41xxx.o(.text)
    $v0                                      0x08000228   Number         0  startup_stm32f40_41xxx.o(.text)
    .text                                    0x08000268   Section      100  rt_memcpy_w.o(.text)
    .text                                    0x080002cc   Section        0  heapauxi.o(.text)
    .text                                    0x080002d2   Section       74  sys_stackheap_outer.o(.text)
    .text                                    0x0800031c   Section        0  exit.o(.text)
    .text                                    0x08000330   Section        8  libspace.o(.text)
    .text                                    0x08000338   Section        0  sys_exit.o(.text)
    .text                                    0x08000344   Section        2  use_no_semi.o(.text)
    .text                                    0x08000346   Section        0  indicate_semi.o(.text)
    i.BusFault_Handler                       0x08000346   Section        0  stm32f4xx_it.o(i.BusFault_Handler)
    i.ByteArrayCopyByteArray                 0x0800034a   Section        0  dwin_lcd.o(i.ByteArrayCopyByteArray)
    ByteArrayCopyByteArray                   0x0800034b   Thumb Code    24  dwin_lcd.o(i.ByteArrayCopyByteArray)
    i.ByteArrayCopyHalfWordArray             0x08000362   Section        0  dwin_lcd.o(i.ByteArrayCopyHalfWordArray)
    ByteArrayCopyHalfWordArray               0x08000363   Thumb Code    40  dwin_lcd.o(i.ByteArrayCopyHalfWordArray)
    i.CRC16_Check                            0x0800038a   Section        0  crc16.o(i.CRC16_Check)
    i.CRC16_CheckCompute                     0x080003a4   Section        0  crc16.o(i.CRC16_CheckCompute)
    i.DMA1_Stream1_IRQHandler                0x080003dc   Section        0  usart3.o(i.DMA1_Stream1_IRQHandler)
    i.DMA1_Stream4_IRQHandler                0x080003fc   Section        0  usart3.o(i.DMA1_Stream4_IRQHandler)
    i.DMA_ClearITPendingBit                  0x08000440   Section        0  stm32f4xx_dma.o(i.DMA_ClearITPendingBit)
    i.DMA_Cmd                                0x08000474   Section        0  stm32f4xx_dma.o(i.DMA_Cmd)
    i.DMA_GetCurrDataCounter                 0x0800048a   Section        0  stm32f4xx_dma.o(i.DMA_GetCurrDataCounter)
    i.DMA_GetITStatus                        0x08000494   Section        0  stm32f4xx_dma.o(i.DMA_GetITStatus)
    i.DMA_ITConfig                           0x080004f8   Section        0  stm32f4xx_dma.o(i.DMA_ITConfig)
    i.DMA_Init                               0x08000534   Section        0  stm32f4xx_dma.o(i.DMA_Init)
    i.DWIN_LCD_AddrMapDataRead               0x0800058c   Section        0  dwin_lcd.o(i.DWIN_LCD_AddrMapDataRead)
    i.DWIN_LCD_AddrMapDataWrite              0x080005bc   Section        0  dwin_lcd.o(i.DWIN_LCD_AddrMapDataWrite)
    i.DWIN_LCD_AndMCUCommunication           0x080005ec   Section        0  dwin_lcd_communication.o(i.DWIN_LCD_AndMCUCommunication)
    i.DWIN_LCD_DisplayInit                   0x08000600   Section        0  dwin_lcd_communication.o(i.DWIN_LCD_DisplayInit)
    i.DWIN_LCD_DisplaySetFrequency           0x08000620   Section        0  dwin_lcd_communication.o(i.DWIN_LCD_DisplaySetFrequency)
    i.DWIN_LCD_DisplaySetLineVoltage         0x080006a8   Section        0  dwin_lcd_communication.o(i.DWIN_LCD_DisplaySetLineVoltage)
    i.DWIN_LCD_ReadReceiveFrame              0x08000730   Section        0  dwin_lcd.o(i.DWIN_LCD_ReadReceiveFrame)
    DWIN_LCD_ReadReceiveFrame                0x08000731   Thumb Code   164  dwin_lcd.o(i.DWIN_LCD_ReadReceiveFrame)
    i.DWIN_LCD_ReceiveFunction_0X83          0x080007dc   Section        0  dwin_lcd.o(i.DWIN_LCD_ReceiveFunction_0X83)
    DWIN_LCD_ReceiveFunction_0X83            0x080007dd   Thumb Code    60  dwin_lcd.o(i.DWIN_LCD_ReceiveFunction_0X83)
    i.DWIN_LCD_ReceiveHandleFunction         0x08000820   Section        0  dwin_lcd.o(i.DWIN_LCD_ReceiveHandleFunction)
    i.DWIN_LCD_SendFunction_0X82             0x08000870   Section        0  dwin_lcd.o(i.DWIN_LCD_SendFunction_0X82)
    DWIN_LCD_SendFunction_0X82               0x08000871   Thumb Code    86  dwin_lcd.o(i.DWIN_LCD_SendFunction_0X82)
    i.DWIN_LCD_SendFunction_0X83             0x080008d4   Section        0  dwin_lcd.o(i.DWIN_LCD_SendFunction_0X83)
    DWIN_LCD_SendFunction_0X83               0x080008d5   Thumb Code    50  dwin_lcd.o(i.DWIN_LCD_SendFunction_0X83)
    i.DWIN_LCD_SendHandleFunction            0x08000910   Section        0  dwin_lcd.o(i.DWIN_LCD_SendHandleFunction)
    i.DebugMon_Handler                       0x08000960   Section        0  stm32f4xx_it.o(i.DebugMon_Handler)
    i.FPGA_SetOutputFrequency                0x08000964   Section        0  fpga_communication.o(i.FPGA_SetOutputFrequency)
    i.FPGA_SetOutputVoltageAmplitude         0x0800099c   Section        0  fpga_communication.o(i.FPGA_SetOutputVoltageAmplitude)
    i.FSMC_GPIO_Config                       0x080009b8   Section        0  fsmc.o(i.FSMC_GPIO_Config)
    FSMC_GPIO_Config                         0x080009b9   Thumb Code   432  fsmc.o(i.FSMC_GPIO_Config)
    i.FSMC_Init                              0x08000b78   Section        0  fsmc.o(i.FSMC_Init)
    i.FSMC_MODE_Config                       0x08000b94   Section        0  fsmc.o(i.FSMC_MODE_Config)
    FSMC_MODE_Config                         0x08000b95   Thumb Code   110  fsmc.o(i.FSMC_MODE_Config)
    i.FSMC_NORSRAMCmd                        0x08000c04   Section        0  stm32f4xx_fsmc.o(i.FSMC_NORSRAMCmd)
    i.FSMC_NORSRAMInit                       0x08000c38   Section        0  stm32f4xx_fsmc.o(i.FSMC_NORSRAMInit)
    i.GPIO_Init                              0x08000d1e   Section        0  stm32f4xx_gpio.o(i.GPIO_Init)
    i.GPIO_PinAFConfig                       0x08000dae   Section        0  stm32f4xx_gpio.o(i.GPIO_PinAFConfig)
    i.GPIO_SetBits                           0x08000df4   Section        0  stm32f4xx_gpio.o(i.GPIO_SetBits)
    i.GPIO_ToggleBits                        0x08000df8   Section        0  stm32f4xx_gpio.o(i.GPIO_ToggleBits)
    i.HalfWordArrayCopyByteArray             0x08000e00   Section        0  dwin_lcd.o(i.HalfWordArrayCopyByteArray)
    HalfWordArrayCopyByteArray               0x08000e01   Thumb Code    32  dwin_lcd.o(i.HalfWordArrayCopyByteArray)
    i.HardFault_Handler                      0x08000e20   Section        0  stm32f4xx_it.o(i.HardFault_Handler)
    i.LED_GPIO_Config                        0x08000e24   Section        0  led.o(i.LED_GPIO_Config)
    LED_GPIO_Config                          0x08000e25   Thumb Code    86  led.o(i.LED_GPIO_Config)
    i.LED_Init                               0x08000e80   Section        0  led.o(i.LED_Init)
    i.MemManage_Handler                      0x08000e90   Section        0  stm32f4xx_it.o(i.MemManage_Handler)
    i.NMI_Handler                            0x08000e94   Section        0  stm32f4xx_it.o(i.NMI_Handler)
    i.NVIC_Init                              0x08000e98   Section        0  misc.o(i.NVIC_Init)
    i.NVIC_PriorityGroupConfig               0x08000f10   Section        0  misc.o(i.NVIC_PriorityGroupConfig)
    i.PendSV_Handler                         0x08000f24   Section        0  stm32f4xx_it.o(i.PendSV_Handler)
    i.RCC_AHB1PeriphClockCmd                 0x08000f28   Section        0  stm32f4xx_rcc.o(i.RCC_AHB1PeriphClockCmd)
    i.RCC_AHB3PeriphClockCmd                 0x08000f48   Section        0  stm32f4xx_rcc.o(i.RCC_AHB3PeriphClockCmd)
    i.RCC_APB1PeriphClockCmd                 0x08000f68   Section        0  stm32f4xx_rcc.o(i.RCC_APB1PeriphClockCmd)
    i.RCC_GetClocksFreq                      0x08000f88   Section        0  stm32f4xx_rcc.o(i.RCC_GetClocksFreq)
    i.SVC_Handler                            0x08001070   Section        0  stm32f4xx_it.o(i.SVC_Handler)
    i.SetSysClock                            0x08001074   Section        0  system_stm32f4xx.o(i.SetSysClock)
    SetSysClock                              0x08001075   Thumb Code   220  system_stm32f4xx.o(i.SetSysClock)
    i.SysTick_Handler                        0x08001160   Section        0  stm32f4xx_it.o(i.SysTick_Handler)
    i.SystemInit                             0x08001164   Section        0  system_stm32f4xx.o(i.SystemInit)
    i.TI1_Config                             0x080011cc   Section        0  stm32f4xx_tim.o(i.TI1_Config)
    TI1_Config                               0x080011cd   Thumb Code    58  stm32f4xx_tim.o(i.TI1_Config)
    i.TI2_Config                             0x08001206   Section        0  stm32f4xx_tim.o(i.TI2_Config)
    TI2_Config                               0x08001207   Thumb Code    80  stm32f4xx_tim.o(i.TI2_Config)
    i.TI3_Config                             0x08001256   Section        0  stm32f4xx_tim.o(i.TI3_Config)
    TI3_Config                               0x08001257   Thumb Code    72  stm32f4xx_tim.o(i.TI3_Config)
    i.TI4_Config                             0x0800129e   Section        0  stm32f4xx_tim.o(i.TI4_Config)
    TI4_Config                               0x0800129f   Thumb Code    80  stm32f4xx_tim.o(i.TI4_Config)
    i.TIM3_Encoder_GetData                   0x080012f0   Section        0  time3_encoder.o(i.TIM3_Encoder_GetData)
    i.TIM3_Encoder_Init                      0x08001320   Section        0  time3_encoder.o(i.TIM3_Encoder_Init)
    i.TIM3_Encoder_SetData                   0x08001340   Section        0  time3_encoder.o(i.TIM3_Encoder_SetData)
    i.TIM3_GPIO_Config                       0x080013a4   Section        0  time3_encoder.o(i.TIM3_GPIO_Config)
    TIM3_GPIO_Config                         0x080013a5   Thumb Code    60  time3_encoder.o(i.TIM3_GPIO_Config)
    i.TIM3_IRQHandler                        0x080013e4   Section        0  time3_encoder.o(i.TIM3_IRQHandler)
    i.TIM3_Mode_Config                       0x08001430   Section        0  time3_encoder.o(i.TIM3_Mode_Config)
    TIM3_Mode_Config                         0x08001431   Thumb Code   152  time3_encoder.o(i.TIM3_Mode_Config)
    i.TIM3_NVIC_Configuration                0x080014cc   Section        0  time3_encoder.o(i.TIM3_NVIC_Configuration)
    TIM3_NVIC_Configuration                  0x080014cd   Thumb Code    34  time3_encoder.o(i.TIM3_NVIC_Configuration)
    i.TIM5_Encoder_GetData                   0x080014f0   Section        0  time5_encoder.o(i.TIM5_Encoder_GetData)
    i.TIM5_Encoder_Init                      0x08001520   Section        0  time5_encoder.o(i.TIM5_Encoder_Init)
    i.TIM5_Encoder_SetData                   0x08001540   Section        0  time5_encoder.o(i.TIM5_Encoder_SetData)
    i.TIM5_GPIO_Config                       0x0800159c   Section        0  time5_encoder.o(i.TIM5_GPIO_Config)
    TIM5_GPIO_Config                         0x0800159d   Thumb Code    62  time5_encoder.o(i.TIM5_GPIO_Config)
    i.TIM5_IRQHandler                        0x080015e0   Section        0  time5_encoder.o(i.TIM5_IRQHandler)
    i.TIM5_Mode_Config                       0x0800162c   Section        0  time5_encoder.o(i.TIM5_Mode_Config)
    TIM5_Mode_Config                         0x0800162d   Thumb Code   152  time5_encoder.o(i.TIM5_Mode_Config)
    i.TIM5_NVIC_Configuration                0x080016c8   Section        0  time5_encoder.o(i.TIM5_NVIC_Configuration)
    TIM5_NVIC_Configuration                  0x080016c9   Thumb Code    32  time5_encoder.o(i.TIM5_NVIC_Configuration)
    i.TIM6_100MsFinish                       0x080016e8   Section        0  time6.o(i.TIM6_100MsFinish)
    i.TIM6_50MsFinish                        0x08001718   Section        0  time6.o(i.TIM6_50MsFinish)
    i.TIM6_DAC_IRQHandler                    0x08001748   Section        0  time6.o(i.TIM6_DAC_IRQHandler)
    i.TIM6_Init                              0x0800177c   Section        0  time6.o(i.TIM6_Init)
    i.TIM6_MODE_Config                       0x08001790   Section        0  time6.o(i.TIM6_MODE_Config)
    TIM6_MODE_Config                         0x08001791   Thumb Code    64  time6.o(i.TIM6_MODE_Config)
    i.TIM6_NVIC_Config                       0x080017d4   Section        0  time6.o(i.TIM6_NVIC_Config)
    TIM6_NVIC_Config                         0x080017d5   Thumb Code    34  time6.o(i.TIM6_NVIC_Config)
    i.TIM_ARRPreloadConfig                   0x080017f6   Section        0  stm32f4xx_tim.o(i.TIM_ARRPreloadConfig)
    i.TIM_ClearFlag                          0x0800180e   Section        0  stm32f4xx_tim.o(i.TIM_ClearFlag)
    i.TIM_ClearITPendingBit                  0x08001814   Section        0  stm32f4xx_tim.o(i.TIM_ClearITPendingBit)
    i.TIM_Cmd                                0x0800181a   Section        0  stm32f4xx_tim.o(i.TIM_Cmd)
    i.TIM_EncoderInterfaceConfig             0x08001832   Section        0  stm32f4xx_tim.o(i.TIM_EncoderInterfaceConfig)
    i.TIM_GetCounter                         0x08001874   Section        0  stm32f4xx_tim.o(i.TIM_GetCounter)
    i.TIM_GetITStatus                        0x0800187a   Section        0  stm32f4xx_tim.o(i.TIM_GetITStatus)
    i.TIM_ICInit                             0x0800189c   Section        0  stm32f4xx_tim.o(i.TIM_ICInit)
    i.TIM_ITConfig                           0x0800190a   Section        0  stm32f4xx_tim.o(i.TIM_ITConfig)
    i.TIM_SetCounter                         0x0800191c   Section        0  stm32f4xx_tim.o(i.TIM_SetCounter)
    i.TIM_SetIC1Prescaler                    0x08001920   Section        0  stm32f4xx_tim.o(i.TIM_SetIC1Prescaler)
    i.TIM_SetIC2Prescaler                    0x08001932   Section        0  stm32f4xx_tim.o(i.TIM_SetIC2Prescaler)
    i.TIM_SetIC3Prescaler                    0x0800194c   Section        0  stm32f4xx_tim.o(i.TIM_SetIC3Prescaler)
    i.TIM_SetIC4Prescaler                    0x0800195e   Section        0  stm32f4xx_tim.o(i.TIM_SetIC4Prescaler)
    i.TIM_TimeBaseInit                       0x08001978   Section        0  stm32f4xx_tim.o(i.TIM_TimeBaseInit)
    i.TIM_TimeBaseStructInit                 0x080019fc   Section        0  stm32f4xx_tim.o(i.TIM_TimeBaseStructInit)
    i.USART3_DMA_Config                      0x08001a10   Section        0  usart3.o(i.USART3_DMA_Config)
    USART3_DMA_Config                        0x08001a11   Thumb Code   168  usart3.o(i.USART3_DMA_Config)
    i.USART3_DataSendTrigger                 0x08001ac8   Section        0  usart3.o(i.USART3_DataSendTrigger)
    USART3_DataSendTrigger                   0x08001ac9   Thumb Code   132  usart3.o(i.USART3_DataSendTrigger)
    i.USART3_GPIO_Config                     0x08001b64   Section        0  usart3.o(i.USART3_GPIO_Config)
    USART3_GPIO_Config                       0x08001b65   Thumb Code    60  usart3.o(i.USART3_GPIO_Config)
    i.USART3_IRQHandler                      0x08001ba4   Section        0  usart3.o(i.USART3_IRQHandler)
    i.USART3_Init                            0x08001bd4   Section        0  usart3.o(i.USART3_Init)
    i.USART3_MemoryInit                      0x08001c08   Section        0  usart3.o(i.USART3_MemoryInit)
    USART3_MemoryInit                        0x08001c09   Thumb Code    28  usart3.o(i.USART3_MemoryInit)
    i.USART3_Mode_Config                     0x08001c3c   Section        0  usart3.o(i.USART3_Mode_Config)
    USART3_Mode_Config                       0x08001c3d   Thumb Code    84  usart3.o(i.USART3_Mode_Config)
    i.USART3_NVIC_Config                     0x08001c94   Section        0  usart3.o(i.USART3_NVIC_Config)
    USART3_NVIC_Config                       0x08001c95   Thumb Code    88  usart3.o(i.USART3_NVIC_Config)
    i.USART3_ReadDMAReceiveMulData           0x08001cec   Section        0  usart3.o(i.USART3_ReadDMAReceiveMulData)
    i.USART3_WriteDMASendMulData             0x08001d64   Section        0  usart3.o(i.USART3_WriteDMASendMulData)
    i.USART_Cmd                              0x08001de8   Section        0  stm32f4xx_usart.o(i.USART_Cmd)
    i.USART_DMACmd                           0x08001e00   Section        0  stm32f4xx_usart.o(i.USART_DMACmd)
    i.USART_GetITStatus                      0x08001e12   Section        0  stm32f4xx_usart.o(i.USART_GetITStatus)
    i.USART_ITConfig                         0x08001e66   Section        0  stm32f4xx_usart.o(i.USART_ITConfig)
    i.USART_Init                             0x08001eb0   Section        0  stm32f4xx_usart.o(i.USART_Init)
    i.USART_ReceiveData                      0x08001f84   Section        0  stm32f4xx_usart.o(i.USART_ReceiveData)
    i.UsageFault_Handler                     0x08001f8e   Section        0  stm32f4xx_it.o(i.UsageFault_Handler)
    i.main                                   0x08001f94   Section        0  main.o(i.main)
    x$fpl$fpinit                             0x08002014   Section       10  fpinit.o(x$fpl$fpinit)
    $v0                                      0x08002014   Number         0  fpinit.o(x$fpl$fpinit)
    .constdata                               0x0800201e   Section      512  crc16.o(.constdata)
    .constdata                               0x08002220   Section       32  dwin_lcd_communication.o(.constdata)
    .data                                    0x20000000   Section       16  stm32f4xx_rcc.o(.data)
    APBAHBPrescTable                         0x20000000   Data          16  stm32f4xx_rcc.o(.data)
    .data                                    0x20000010   Section       20  time6.o(.data)
    TimeTickNum                              0x20000014   Data           2  time6.o(.data)
    TimeLastCount                            0x20000018   Data           4  time6.o(.data)
    TimeTickNum                              0x2000001c   Data           2  time6.o(.data)
    TimeLastCount                            0x20000020   Data           4  time6.o(.data)
    .data                                    0x20000024   Section        5  dwin_lcd.o(.data)
    .data                                    0x2000002a   Section        2  time5_encoder.o(.data)
    .data                                    0x2000002c   Section        2  time3_encoder.o(.data)
    .data                                    0x2000002e   Section        4  dwin_lcd_communication.o(.data)
    DWIN_LCD_InputLineVoltage                0x2000002e   Data           2  dwin_lcd_communication.o(.data)
    DWIN_LCD_InputFrequency                  0x20000030   Data           2  dwin_lcd_communication.o(.data)
    .data                                    0x20000032   Section       11  usart3.o(.data)
    .bss                                     0x20000040   Section       16  main.o(.bss)
    .bss                                     0x20000050   Section      320  dwin_lcd.o(.bss)
    .bss                                     0x20000190   Section      512  usart3.o(.bss)
    .bss                                     0x20000390   Section       96  libspace.o(.bss)
    HEAP                                     0x200003f0   Section      512  startup_stm32f40_41xxx.o(HEAP)
    Heap_Mem                                 0x200003f0   Data         512  startup_stm32f40_41xxx.o(HEAP)
    STACK                                    0x200005f0   Section     4096  startup_stm32f40_41xxx.o(STACK)
    Stack_Mem                                0x200005f0   Data        4096  startup_stm32f40_41xxx.o(STACK)
    __initial_sp                             0x200015f0   Data           0  startup_stm32f40_41xxx.o(STACK)

    Global Symbols

    Symbol Name                              Value     Ov Type        Size  Object(Section)

    BuildAttributes$$THM_ISAv4$E$P$D$K$B$S$7EM$VFPi3$EXTD16$VFPS$VFMA$PE$A:L22UL41UL21$X:L11$S22US41US21$IEEE1$IW$USESV6$~STKCKD$USESV7$~SHL$OSPACE$ROPI$EBA8$UX$STANDARDLIB$REQ8$PRES8$EABIv2 0x00000000   Number         0  anon$$obj.o ABSOLUTE
    __ARM_use_no_argv                        0x00000000   Number         0  main.o ABSOLUTE
    __ARM_exceptions_init                     - Undefined Weak Reference
    __alloca_initialize                       - Undefined Weak Reference
    __arm_preinit_                            - Undefined Weak Reference
    __cpp_initialize__aeabi_                  - Undefined Weak Reference
    __cxa_finalize                            - Undefined Weak Reference
    __rt_locale                               - Undefined Weak Reference
    __sigvec_lookup                           - Undefined Weak Reference
    _atexit_init                              - Undefined Weak Reference
    _call_atexit_fns                          - Undefined Weak Reference
    _clock_init                               - Undefined Weak Reference
    _fp_trap_init                             - Undefined Weak Reference
    _fp_trap_shutdown                         - Undefined Weak Reference
    _get_lc_collate                           - Undefined Weak Reference
    _get_lc_ctype                             - Undefined Weak Reference
    _get_lc_monetary                          - Undefined Weak Reference
    _get_lc_numeric                           - Undefined Weak Reference
    _get_lc_time                              - Undefined Weak Reference
    _getenv_init                              - Undefined Weak Reference
    _handle_redirection                       - Undefined Weak Reference
    _init_alloc                               - Undefined Weak Reference
    _init_user_alloc                          - Undefined Weak Reference
    _initio                                   - Undefined Weak Reference
    _rand_init                                - Undefined Weak Reference
    _signal_finish                            - Undefined Weak Reference
    _signal_init                              - Undefined Weak Reference
    _terminate_alloc                          - Undefined Weak Reference
    _terminate_user_alloc                     - Undefined Weak Reference
    _terminateio                              - Undefined Weak Reference
    __Vectors_Size                           0x00000188   Number         0  startup_stm32f40_41xxx.o ABSOLUTE
    __Vectors                                0x08000000   Data           4  startup_stm32f40_41xxx.o(RESET)
    __Vectors_End                            0x08000188   Data           0  startup_stm32f40_41xxx.o(RESET)
    __main                                   0x08000189   Thumb Code     8  __main.o(!!!main)
    __scatterload                            0x08000191   Thumb Code     0  __scatter.o(!!!scatter)
    __scatterload_rt2                        0x08000191   Thumb Code    44  __scatter.o(!!!scatter)
    __scatterload_rt2_thumb_only             0x08000191   Thumb Code     0  __scatter.o(!!!scatter)
    __scatterload_null                       0x0800019f   Thumb Code     0  __scatter.o(!!!scatter)
    __scatterload_copy                       0x080001c5   Thumb Code    26  __scatter_copy.o(!!handler_copy)
    __scatterload_zeroinit                   0x080001e1   Thumb Code    28  __scatter_zi.o(!!handler_zi)
    __rt_lib_init                            0x080001fd   Thumb Code     0  libinit.o(.ARM.Collect$$libinit$$00000000)
    __rt_lib_init_fp_1                       0x080001ff   Thumb Code     0  libinit2.o(.ARM.Collect$$libinit$$00000001)
    __rt_lib_init_alloca_1                   0x08000203   Thumb Code     0  libinit2.o(.ARM.Collect$$libinit$$0000002E)
    __rt_lib_init_argv_1                     0x08000203   Thumb Code     0  libinit2.o(.ARM.Collect$$libinit$$0000002C)
    __rt_lib_init_atexit_1                   0x08000203   Thumb Code     0  libinit2.o(.ARM.Collect$$libinit$$0000001B)
    __rt_lib_init_clock_1                    0x08000203   Thumb Code     0  libinit2.o(.ARM.Collect$$libinit$$00000021)
    __rt_lib_init_cpp_1                      0x08000203   Thumb Code     0  libinit2.o(.ARM.Collect$$libinit$$00000032)
    __rt_lib_init_exceptions_1               0x08000203   Thumb Code     0  libinit2.o(.ARM.Collect$$libinit$$00000030)
    __rt_lib_init_fp_trap_1                  0x08000203   Thumb Code     0  libinit2.o(.ARM.Collect$$libinit$$0000001F)
    __rt_lib_init_getenv_1                   0x08000203   Thumb Code     0  libinit2.o(.ARM.Collect$$libinit$$00000023)
    __rt_lib_init_heap_1                     0x08000203   Thumb Code     0  libinit2.o(.ARM.Collect$$libinit$$0000000A)
    __rt_lib_init_lc_collate_1               0x08000203   Thumb Code     0  libinit2.o(.ARM.Collect$$libinit$$00000011)
    __rt_lib_init_lc_ctype_1                 0x08000203   Thumb Code     0  libinit2.o(.ARM.Collect$$libinit$$00000013)
    __rt_lib_init_lc_monetary_1              0x08000203   Thumb Code     0  libinit2.o(.ARM.Collect$$libinit$$00000015)
    __rt_lib_init_lc_numeric_1               0x08000203   Thumb Code     0  libinit2.o(.ARM.Collect$$libinit$$00000017)
    __rt_lib_init_lc_time_1                  0x08000203   Thumb Code     0  libinit2.o(.ARM.Collect$$libinit$$00000019)
    __rt_lib_init_preinit_1                  0x08000203   Thumb Code     0  libinit2.o(.ARM.Collect$$libinit$$00000004)
    __rt_lib_init_rand_1                     0x08000203   Thumb Code     0  libinit2.o(.ARM.Collect$$libinit$$0000000E)
    __rt_lib_init_return                     0x08000203   Thumb Code     0  libinit2.o(.ARM.Collect$$libinit$$00000033)
    __rt_lib_init_signal_1                   0x08000203   Thumb Code     0  libinit2.o(.ARM.Collect$$libinit$$0000001D)
    __rt_lib_init_stdio_1                    0x08000203   Thumb Code     0  libinit2.o(.ARM.Collect$$libinit$$00000025)
    __rt_lib_init_user_alloc_1               0x08000203   Thumb Code     0  libinit2.o(.ARM.Collect$$libinit$$0000000C)
    __rt_lib_shutdown                        0x08000205   Thumb Code     0  libshutdown.o(.ARM.Collect$$libshutdown$$00000000)
    __rt_lib_shutdown_cpp_1                  0x08000207   Thumb Code     0  libshutdown2.o(.ARM.Collect$$libshutdown$$00000002)
    __rt_lib_shutdown_fp_trap_1              0x08000207   Thumb Code     0  libshutdown2.o(.ARM.Collect$$libshutdown$$00000007)
    __rt_lib_shutdown_heap_1                 0x08000207   Thumb Code     0  libshutdown2.o(.ARM.Collect$$libshutdown$$0000000F)
    __rt_lib_shutdown_return                 0x08000207   Thumb Code     0  libshutdown2.o(.ARM.Collect$$libshutdown$$00000010)
    __rt_lib_shutdown_signal_1               0x08000207   Thumb Code     0  libshutdown2.o(.ARM.Collect$$libshutdown$$0000000A)
    __rt_lib_shutdown_stdio_1                0x08000207   Thumb Code     0  libshutdown2.o(.ARM.Collect$$libshutdown$$00000004)
    __rt_lib_shutdown_user_alloc_1           0x08000207   Thumb Code     0  libshutdown2.o(.ARM.Collect$$libshutdown$$0000000C)
    __rt_entry                               0x08000209   Thumb Code     0  __rtentry.o(.ARM.Collect$$rtentry$$00000000)
    __rt_entry_presh_1                       0x08000209   Thumb Code     0  __rtentry2.o(.ARM.Collect$$rtentry$$00000002)
    __rt_entry_sh                            0x08000209   Thumb Code     0  __rtentry4.o(.ARM.Collect$$rtentry$$00000004)
    __rt_entry_li                            0x0800020f   Thumb Code     0  __rtentry2.o(.ARM.Collect$$rtentry$$0000000A)
    __rt_entry_postsh_1                      0x0800020f   Thumb Code     0  __rtentry2.o(.ARM.Collect$$rtentry$$00000009)
    __rt_entry_main                          0x08000213   Thumb Code     0  __rtentry2.o(.ARM.Collect$$rtentry$$0000000D)
    __rt_entry_postli_1                      0x08000213   Thumb Code     0  __rtentry2.o(.ARM.Collect$$rtentry$$0000000C)
    __rt_exit                                0x0800021b   Thumb Code     0  rtexit.o(.ARM.Collect$$rtexit$$00000000)
    __rt_exit_ls                             0x0800021d   Thumb Code     0  rtexit2.o(.ARM.Collect$$rtexit$$00000003)
    __rt_exit_prels_1                        0x0800021d   Thumb Code     0  rtexit2.o(.ARM.Collect$$rtexit$$00000002)
    __rt_exit_exit                           0x08000221   Thumb Code     0  rtexit2.o(.ARM.Collect$$rtexit$$00000004)
    Reset_Handler                            0x08000229   Thumb Code     8  startup_stm32f40_41xxx.o(.text)
    ADC_IRQHandler                           0x08000243   Thumb Code     0  startup_stm32f40_41xxx.o(.text)
    CAN1_RX0_IRQHandler                      0x08000243   Thumb Code     0  startup_stm32f40_41xxx.o(.text)
    CAN1_RX1_IRQHandler                      0x08000243   Thumb Code     0  startup_stm32f40_41xxx.o(.text)
    CAN1_SCE_IRQHandler                      0x08000243   Thumb Code     0  startup_stm32f40_41xxx.o(.text)
    CAN1_TX_IRQHandler                       0x08000243   Thumb Code     0  startup_stm32f40_41xxx.o(.text)
    CAN2_RX0_IRQHandler                      0x08000243   Thumb Code     0  startup_stm32f40_41xxx.o(.text)
    CAN2_RX1_IRQHandler                      0x08000243   Thumb Code     0  startup_stm32f40_41xxx.o(.text)
    CAN2_SCE_IRQHandler                      0x08000243   Thumb Code     0  startup_stm32f40_41xxx.o(.text)
    CAN2_TX_IRQHandler                       0x08000243   Thumb Code     0  startup_stm32f40_41xxx.o(.text)
    CRYP_IRQHandler                          0x08000243   Thumb Code     0  startup_stm32f40_41xxx.o(.text)
    DCMI_IRQHandler                          0x08000243   Thumb Code     0  startup_stm32f40_41xxx.o(.text)
    DMA1_Stream0_IRQHandler                  0x08000243   Thumb Code     0  startup_stm32f40_41xxx.o(.text)
    DMA1_Stream2_IRQHandler                  0x08000243   Thumb Code     0  startup_stm32f40_41xxx.o(.text)
    DMA1_Stream3_IRQHandler                  0x08000243   Thumb Code     0  startup_stm32f40_41xxx.o(.text)
    DMA1_Stream5_IRQHandler                  0x08000243   Thumb Code     0  startup_stm32f40_41xxx.o(.text)
    DMA1_Stream6_IRQHandler                  0x08000243   Thumb Code     0  startup_stm32f40_41xxx.o(.text)
    DMA1_Stream7_IRQHandler                  0x08000243   Thumb Code     0  startup_stm32f40_41xxx.o(.text)
    DMA2_Stream0_IRQHandler                  0x08000243   Thumb Code     0  startup_stm32f40_41xxx.o(.text)
    DMA2_Stream1_IRQHandler                  0x08000243   Thumb Code     0  startup_stm32f40_41xxx.o(.text)
    DMA2_Stream2_IRQHandler                  0x08000243   Thumb Code     0  startup_stm32f40_41xxx.o(.text)
    DMA2_Stream3_IRQHandler                  0x08000243   Thumb Code     0  startup_stm32f40_41xxx.o(.text)
    DMA2_Stream4_IRQHandler                  0x08000243   Thumb Code     0  startup_stm32f40_41xxx.o(.text)
    DMA2_Stream5_IRQHandler                  0x08000243   Thumb Code     0  startup_stm32f40_41xxx.o(.text)
    DMA2_Stream6_IRQHandler                  0x08000243   Thumb Code     0  startup_stm32f40_41xxx.o(.text)
    DMA2_Stream7_IRQHandler                  0x08000243   Thumb Code     0  startup_stm32f40_41xxx.o(.text)
    ETH_IRQHandler                           0x08000243   Thumb Code     0  startup_stm32f40_41xxx.o(.text)
    ETH_WKUP_IRQHandler                      0x08000243   Thumb Code     0  startup_stm32f40_41xxx.o(.text)
    EXTI0_IRQHandler                         0x08000243   Thumb Code     0  startup_stm32f40_41xxx.o(.text)
    EXTI15_10_IRQHandler                     0x08000243   Thumb Code     0  startup_stm32f40_41xxx.o(.text)
    EXTI1_IRQHandler                         0x08000243   Thumb Code     0  startup_stm32f40_41xxx.o(.text)
    EXTI2_IRQHandler                         0x08000243   Thumb Code     0  startup_stm32f40_41xxx.o(.text)
    EXTI3_IRQHandler                         0x08000243   Thumb Code     0  startup_stm32f40_41xxx.o(.text)
    EXTI4_IRQHandler                         0x08000243   Thumb Code     0  startup_stm32f40_41xxx.o(.text)
    EXTI9_5_IRQHandler                       0x08000243   Thumb Code     0  startup_stm32f40_41xxx.o(.text)
    FLASH_IRQHandler                         0x08000243   Thumb Code     0  startup_stm32f40_41xxx.o(.text)
    FPU_IRQHandler                           0x08000243   Thumb Code     0  startup_stm32f40_41xxx.o(.text)
    FSMC_IRQHandler                          0x08000243   Thumb Code     0  startup_stm32f40_41xxx.o(.text)
    HASH_RNG_IRQHandler                      0x08000243   Thumb Code     0  startup_stm32f40_41xxx.o(.text)
    I2C1_ER_IRQHandler                       0x08000243   Thumb Code     0  startup_stm32f40_41xxx.o(.text)
    I2C1_EV_IRQHandler                       0x08000243   Thumb Code     0  startup_stm32f40_41xxx.o(.text)
    I2C2_ER_IRQHandler                       0x08000243   Thumb Code     0  startup_stm32f40_41xxx.o(.text)
    I2C2_EV_IRQHandler                       0x08000243   Thumb Code     0  startup_stm32f40_41xxx.o(.text)
    I2C3_ER_IRQHandler                       0x08000243   Thumb Code     0  startup_stm32f40_41xxx.o(.text)
    I2C3_EV_IRQHandler                       0x08000243   Thumb Code     0  startup_stm32f40_41xxx.o(.text)
    OTG_FS_IRQHandler                        0x08000243   Thumb Code     0  startup_stm32f40_41xxx.o(.text)
    OTG_FS_WKUP_IRQHandler                   0x08000243   Thumb Code     0  startup_stm32f40_41xxx.o(.text)
    OTG_HS_EP1_IN_IRQHandler                 0x08000243   Thumb Code     0  startup_stm32f40_41xxx.o(.text)
    OTG_HS_EP1_OUT_IRQHandler                0x08000243   Thumb Code     0  startup_stm32f40_41xxx.o(.text)
    OTG_HS_IRQHandler                        0x08000243   Thumb Code     0  startup_stm32f40_41xxx.o(.text)
    OTG_HS_WKUP_IRQHandler                   0x08000243   Thumb Code     0  startup_stm32f40_41xxx.o(.text)
    PVD_IRQHandler                           0x08000243   Thumb Code     0  startup_stm32f40_41xxx.o(.text)
    RCC_IRQHandler                           0x08000243   Thumb Code     0  startup_stm32f40_41xxx.o(.text)
    RTC_Alarm_IRQHandler                     0x08000243   Thumb Code     0  startup_stm32f40_41xxx.o(.text)
    RTC_WKUP_IRQHandler                      0x08000243   Thumb Code     0  startup_stm32f40_41xxx.o(.text)
    SDIO_IRQHandler                          0x08000243   Thumb Code     0  startup_stm32f40_41xxx.o(.text)
    SPI1_IRQHandler                          0x08000243   Thumb Code     0  startup_stm32f40_41xxx.o(.text)
    SPI2_IRQHandler                          0x08000243   Thumb Code     0  startup_stm32f40_41xxx.o(.text)
    SPI3_IRQHandler                          0x08000243   Thumb Code     0  startup_stm32f40_41xxx.o(.text)
    TAMP_STAMP_IRQHandler                    0x08000243   Thumb Code     0  startup_stm32f40_41xxx.o(.text)
    TIM1_BRK_TIM9_IRQHandler                 0x08000243   Thumb Code     0  startup_stm32f40_41xxx.o(.text)
    TIM1_CC_IRQHandler                       0x08000243   Thumb Code     0  startup_stm32f40_41xxx.o(.text)
    TIM1_TRG_COM_TIM11_IRQHandler            0x08000243   Thumb Code     0  startup_stm32f40_41xxx.o(.text)
    TIM1_UP_TIM10_IRQHandler                 0x08000243   Thumb Code     0  startup_stm32f40_41xxx.o(.text)
    TIM2_IRQHandler                          0x08000243   Thumb Code     0  startup_stm32f40_41xxx.o(.text)
    TIM4_IRQHandler                          0x08000243   Thumb Code     0  startup_stm32f40_41xxx.o(.text)
    TIM7_IRQHandler                          0x08000243   Thumb Code     0  startup_stm32f40_41xxx.o(.text)
    TIM8_BRK_TIM12_IRQHandler                0x08000243   Thumb Code     0  startup_stm32f40_41xxx.o(.text)
    TIM8_CC_IRQHandler                       0x08000243   Thumb Code     0  startup_stm32f40_41xxx.o(.text)
    TIM8_TRG_COM_TIM14_IRQHandler            0x08000243   Thumb Code     0  startup_stm32f40_41xxx.o(.text)
    TIM8_UP_TIM13_IRQHandler                 0x08000243   Thumb Code     0  startup_stm32f40_41xxx.o(.text)
    UART4_IRQHandler                         0x08000243   Thumb Code     0  startup_stm32f40_41xxx.o(.text)
    UART5_IRQHandler                         0x08000243   Thumb Code     0  startup_stm32f40_41xxx.o(.text)
    USART1_IRQHandler                        0x08000243   Thumb Code     0  startup_stm32f40_41xxx.o(.text)
    USART2_IRQHandler                        0x08000243   Thumb Code     0  startup_stm32f40_41xxx.o(.text)
    USART6_IRQHandler                        0x08000243   Thumb Code     0  startup_stm32f40_41xxx.o(.text)
    WWDG_IRQHandler                          0x08000243   Thumb Code     0  startup_stm32f40_41xxx.o(.text)
    __user_initial_stackheap                 0x08000245   Thumb Code     0  startup_stm32f40_41xxx.o(.text)
    __aeabi_memcpy4                          0x08000269   Thumb Code     0  rt_memcpy_w.o(.text)
    __aeabi_memcpy8                          0x08000269   Thumb Code     0  rt_memcpy_w.o(.text)
    __rt_memcpy_w                            0x08000269   Thumb Code   100  rt_memcpy_w.o(.text)
    _memcpy_lastbytes_aligned                0x080002b1   Thumb Code     0  rt_memcpy_w.o(.text)
    __use_two_region_memory                  0x080002cd   Thumb Code     2  heapauxi.o(.text)
    __rt_heap_escrow$2region                 0x080002cf   Thumb Code     2  heapauxi.o(.text)
    __rt_heap_expand$2region                 0x080002d1   Thumb Code     2  heapauxi.o(.text)
    __user_setup_stackheap                   0x080002d3   Thumb Code    74  sys_stackheap_outer.o(.text)
    exit                                     0x0800031d   Thumb Code    18  exit.o(.text)
    __user_libspace                          0x08000331   Thumb Code     8  libspace.o(.text)
    __user_perproc_libspace                  0x08000331   Thumb Code     0  libspace.o(.text)
    __user_perthread_libspace                0x08000331   Thumb Code     0  libspace.o(.text)
    _sys_exit                                0x08000339   Thumb Code     8  sys_exit.o(.text)
    __I$use$semihosting                      0x08000345   Thumb Code     0  use_no_semi.o(.text)
    __use_no_semihosting_swi                 0x08000345   Thumb Code     2  use_no_semi.o(.text)
    BusFault_Handler                         0x08000347   Thumb Code     4  stm32f4xx_it.o(i.BusFault_Handler)
    __semihosting_library_function           0x08000347   Thumb Code     0  indicate_semi.o(.text)
    CRC16_Check                              0x0800038b   Thumb Code    26  crc16.o(i.CRC16_Check)
    CRC16_CheckCompute                       0x080003a5   Thumb Code    46  crc16.o(i.CRC16_CheckCompute)
    DMA1_Stream1_IRQHandler                  0x080003dd   Thumb Code    22  usart3.o(i.DMA1_Stream1_IRQHandler)
    DMA1_Stream4_IRQHandler                  0x080003fd   Thumb Code    48  usart3.o(i.DMA1_Stream4_IRQHandler)
    DMA_ClearITPendingBit                    0x08000441   Thumb Code    38  stm32f4xx_dma.o(i.DMA_ClearITPendingBit)
    DMA_Cmd                                  0x08000475   Thumb Code    22  stm32f4xx_dma.o(i.DMA_Cmd)
    DMA_GetCurrDataCounter                   0x0800048b   Thumb Code     8  stm32f4xx_dma.o(i.DMA_GetCurrDataCounter)
    DMA_GetITStatus                          0x08000495   Thumb Code    82  stm32f4xx_dma.o(i.DMA_GetITStatus)
    DMA_ITConfig                             0x080004f9   Thumb Code    58  stm32f4xx_dma.o(i.DMA_ITConfig)
    DMA_Init                                 0x08000535   Thumb Code    82  stm32f4xx_dma.o(i.DMA_Init)
    DWIN_LCD_AddrMapDataRead                 0x0800058d   Thumb Code    44  dwin_lcd.o(i.DWIN_LCD_AddrMapDataRead)
    DWIN_LCD_AddrMapDataWrite                0x080005bd   Thumb Code    44  dwin_lcd.o(i.DWIN_LCD_AddrMapDataWrite)
    DWIN_LCD_AndMCUCommunication             0x080005ed   Thumb Code    18  dwin_lcd_communication.o(i.DWIN_LCD_AndMCUCommunication)
    DWIN_LCD_DisplayInit                     0x08000601   Thumb Code    28  dwin_lcd_communication.o(i.DWIN_LCD_DisplayInit)
    DWIN_LCD_DisplaySetFrequency             0x08000621   Thumb Code   132  dwin_lcd_communication.o(i.DWIN_LCD_DisplaySetFrequency)
    DWIN_LCD_DisplaySetLineVoltage           0x080006a9   Thumb Code   132  dwin_lcd_communication.o(i.DWIN_LCD_DisplaySetLineVoltage)
    DWIN_LCD_ReceiveHandleFunction           0x08000821   Thumb Code    76  dwin_lcd.o(i.DWIN_LCD_ReceiveHandleFunction)
    DWIN_LCD_SendHandleFunction              0x08000911   Thumb Code    72  dwin_lcd.o(i.DWIN_LCD_SendHandleFunction)
    DebugMon_Handler                         0x08000961   Thumb Code     2  stm32f4xx_it.o(i.DebugMon_Handler)
    FPGA_SetOutputFrequency                  0x08000965   Thumb Code    42  fpga_communication.o(i.FPGA_SetOutputFrequency)
    FPGA_SetOutputVoltageAmplitude           0x0800099d   Thumb Code    24  fpga_communication.o(i.FPGA_SetOutputVoltageAmplitude)
    FSMC_Init                                0x08000b79   Thumb Code    28  fsmc.o(i.FSMC_Init)
    FSMC_NORSRAMCmd                          0x08000c05   Thumb Code    46  stm32f4xx_fsmc.o(i.FSMC_NORSRAMCmd)
    FSMC_NORSRAMInit                         0x08000c39   Thumb Code   230  stm32f4xx_fsmc.o(i.FSMC_NORSRAMInit)
    GPIO_Init                                0x08000d1f   Thumb Code   144  stm32f4xx_gpio.o(i.GPIO_Init)
    GPIO_PinAFConfig                         0x08000daf   Thumb Code    70  stm32f4xx_gpio.o(i.GPIO_PinAFConfig)
    GPIO_SetBits                             0x08000df5   Thumb Code     4  stm32f4xx_gpio.o(i.GPIO_SetBits)
    GPIO_ToggleBits                          0x08000df9   Thumb Code     8  stm32f4xx_gpio.o(i.GPIO_ToggleBits)
    HardFault_Handler                        0x08000e21   Thumb Code     4  stm32f4xx_it.o(i.HardFault_Handler)
    LED_Init                                 0x08000e81   Thumb Code    16  led.o(i.LED_Init)
    MemManage_Handler                        0x08000e91   Thumb Code     4  stm32f4xx_it.o(i.MemManage_Handler)
    NMI_Handler                              0x08000e95   Thumb Code     2  stm32f4xx_it.o(i.NMI_Handler)
    NVIC_Init                                0x08000e99   Thumb Code   106  misc.o(i.NVIC_Init)
    NVIC_PriorityGroupConfig                 0x08000f11   Thumb Code    10  misc.o(i.NVIC_PriorityGroupConfig)
    PendSV_Handler                           0x08000f25   Thumb Code     2  stm32f4xx_it.o(i.PendSV_Handler)
    RCC_AHB1PeriphClockCmd                   0x08000f29   Thumb Code    26  stm32f4xx_rcc.o(i.RCC_AHB1PeriphClockCmd)
    RCC_AHB3PeriphClockCmd                   0x08000f49   Thumb Code    26  stm32f4xx_rcc.o(i.RCC_AHB3PeriphClockCmd)
    RCC_APB1PeriphClockCmd                   0x08000f69   Thumb Code    26  stm32f4xx_rcc.o(i.RCC_APB1PeriphClockCmd)
    RCC_GetClocksFreq                        0x08000f89   Thumb Code   214  stm32f4xx_rcc.o(i.RCC_GetClocksFreq)
    SVC_Handler                              0x08001071   Thumb Code     2  stm32f4xx_it.o(i.SVC_Handler)
    SysTick_Handler                          0x08001161   Thumb Code     2  stm32f4xx_it.o(i.SysTick_Handler)
    SystemInit                               0x08001165   Thumb Code    88  system_stm32f4xx.o(i.SystemInit)
    TIM3_Encoder_GetData                     0x080012f1   Thumb Code    40  time3_encoder.o(i.TIM3_Encoder_GetData)
    TIM3_Encoder_Init                        0x08001321   Thumb Code    32  time3_encoder.o(i.TIM3_Encoder_Init)
    TIM3_Encoder_SetData                     0x08001341   Thumb Code    90  time3_encoder.o(i.TIM3_Encoder_SetData)
    TIM3_IRQHandler                          0x080013e5   Thumb Code    68  time3_encoder.o(i.TIM3_IRQHandler)
    TIM5_Encoder_GetData                     0x080014f1   Thumb Code    40  time5_encoder.o(i.TIM5_Encoder_GetData)
    TIM5_Encoder_Init                        0x08001521   Thumb Code    32  time5_encoder.o(i.TIM5_Encoder_Init)
    TIM5_Encoder_SetData                     0x08001541   Thumb Code    84  time5_encoder.o(i.TIM5_Encoder_SetData)
    TIM5_IRQHandler                          0x080015e1   Thumb Code    68  time5_encoder.o(i.TIM5_IRQHandler)
    TIM6_100MsFinish                         0x080016e9   Thumb Code    34  time6.o(i.TIM6_100MsFinish)
    TIM6_50MsFinish                          0x08001719   Thumb Code    34  time6.o(i.TIM6_50MsFinish)
    TIM6_DAC_IRQHandler                      0x08001749   Thumb Code    40  time6.o(i.TIM6_DAC_IRQHandler)
    TIM6_Init                                0x0800177d   Thumb Code    20  time6.o(i.TIM6_Init)
    TIM_ARRPreloadConfig                     0x080017f7   Thumb Code    24  stm32f4xx_tim.o(i.TIM_ARRPreloadConfig)
    TIM_ClearFlag                            0x0800180f   Thumb Code     6  stm32f4xx_tim.o(i.TIM_ClearFlag)
    TIM_ClearITPendingBit                    0x08001815   Thumb Code     6  stm32f4xx_tim.o(i.TIM_ClearITPendingBit)
    TIM_Cmd                                  0x0800181b   Thumb Code    24  stm32f4xx_tim.o(i.TIM_Cmd)
    TIM_EncoderInterfaceConfig               0x08001833   Thumb Code    66  stm32f4xx_tim.o(i.TIM_EncoderInterfaceConfig)
    TIM_GetCounter                           0x08001875   Thumb Code     6  stm32f4xx_tim.o(i.TIM_GetCounter)
    TIM_GetITStatus                          0x0800187b   Thumb Code    34  stm32f4xx_tim.o(i.TIM_GetITStatus)
    TIM_ICInit                               0x0800189d   Thumb Code   110  stm32f4xx_tim.o(i.TIM_ICInit)
    TIM_ITConfig                             0x0800190b   Thumb Code    18  stm32f4xx_tim.o(i.TIM_ITConfig)
    TIM_SetCounter                           0x0800191d   Thumb Code     4  stm32f4xx_tim.o(i.TIM_SetCounter)
    TIM_SetIC1Prescaler                      0x08001921   Thumb Code    18  stm32f4xx_tim.o(i.TIM_SetIC1Prescaler)
    TIM_SetIC2Prescaler                      0x08001933   Thumb Code    26  stm32f4xx_tim.o(i.TIM_SetIC2Prescaler)
    TIM_SetIC3Prescaler                      0x0800194d   Thumb Code    18  stm32f4xx_tim.o(i.TIM_SetIC3Prescaler)
    TIM_SetIC4Prescaler                      0x0800195f   Thumb Code    26  stm32f4xx_tim.o(i.TIM_SetIC4Prescaler)
    TIM_TimeBaseInit                         0x08001979   Thumb Code   104  stm32f4xx_tim.o(i.TIM_TimeBaseInit)
    TIM_TimeBaseStructInit                   0x080019fd   Thumb Code    18  stm32f4xx_tim.o(i.TIM_TimeBaseStructInit)
    USART3_IRQHandler                        0x08001ba5   Thumb Code    36  usart3.o(i.USART3_IRQHandler)
    USART3_Init                              0x08001bd5   Thumb Code    52  usart3.o(i.USART3_Init)
    USART3_ReadDMAReceiveMulData             0x08001ced   Thumb Code   108  usart3.o(i.USART3_ReadDMAReceiveMulData)
    USART3_WriteDMASendMulData               0x08001d65   Thumb Code   118  usart3.o(i.USART3_WriteDMASendMulData)
    USART_Cmd                                0x08001de9   Thumb Code    24  stm32f4xx_usart.o(i.USART_Cmd)
    USART_DMACmd                             0x08001e01   Thumb Code    18  stm32f4xx_usart.o(i.USART_DMACmd)
    USART_GetITStatus                        0x08001e13   Thumb Code    84  stm32f4xx_usart.o(i.USART_GetITStatus)
    USART_ITConfig                           0x08001e67   Thumb Code    74  stm32f4xx_usart.o(i.USART_ITConfig)
    USART_Init                               0x08001eb1   Thumb Code   204  stm32f4xx_usart.o(i.USART_Init)
    USART_ReceiveData                        0x08001f85   Thumb Code    10  stm32f4xx_usart.o(i.USART_ReceiveData)
    UsageFault_Handler                       0x08001f8f   Thumb Code     4  stm32f4xx_it.o(i.UsageFault_Handler)
    main                                     0x08001f95   Thumb Code   118  main.o(i.main)
    _fp_init                                 0x08002015   Thumb Code    10  fpinit.o(x$fpl$fpinit)
    __fplib_config_fpu_vfp                   0x0800201d   Thumb Code     0  fpinit.o(x$fpl$fpinit)
    __fplib_config_pureend_doubles           0x0800201d   Thumb Code     0  fpinit.o(x$fpl$fpinit)
    CRCHTalbe                                0x0800201e   Data         256  crc16.o(.constdata)
    CRCLTalbe                                0x0800211e   Data         256  crc16.o(.constdata)
    Region$$Table$$Base                      0x08002240   Number         0  anon$$obj.o(Region$$Table)
    Region$$Table$$Limit                     0x08002260   Number         0  anon$$obj.o(Region$$Table)
    TIM6_TickCount                           0x20000010   Data           4  time6.o(.data)
    DWIN_LCD_SendFrameLength                 0x20000024   Data           2  dwin_lcd.o(.data)
    DWIN_LCD_ReceiveFrameLength              0x20000026   Data           2  dwin_lcd.o(.data)
    ReceiveFrameStatus                       0x20000028   Data           1  dwin_lcd.o(.data)
    TIM5_Encoder_Overflown                   0x2000002a   Data           2  time5_encoder.o(.data)
    TIM3_Encoder_Overflown                   0x2000002c   Data           2  time3_encoder.o(.data)
    USART3_SendFront                         0x20000032   Data           2  usart3.o(.data)
    USART3_SendRear                          0x20000034   Data           2  usart3.o(.data)
    USART3_SendNextStart                     0x20000036   Data           2  usart3.o(.data)
    USART3_ReceiveFront                      0x20000038   Data           2  usart3.o(.data)
    USART3_ReceiveRear                       0x2000003a   Data           2  usart3.o(.data)
    USART3_SendBusyFlag                      0x2000003c   Data           1  usart3.o(.data)
    DWIN_LCD_DisplayParameters               0x20000040   Data          16  main.o(.bss)
    DWIN_LCD_Data                            0x20000050   Data          64  dwin_lcd.o(.bss)
    DWIN_LCD_SendFrameData                   0x20000090   Data         128  dwin_lcd.o(.bss)
    DWIN_LCD_ReceiveFrameData                0x20000110   Data         128  dwin_lcd.o(.bss)
    USART3_SendData                          0x20000190   Data         256  usart3.o(.bss)
    USART3_ReceiveData                       0x20000290   Data         256  usart3.o(.bss)
    __libspace_start                         0x20000390   Data          96  libspace.o(.bss)
    __temporary_stack_top$libspace           0x200003f0   Data           0  libspace.o(.bss)



==============================================================================

Memory Map of the image

  Image Entry point : 0x08000189

  Load Region LR_IROM1 (Base: 0x08000000, Size: 0x000022a0, Max: 0x00100000, ABSOLUTE)

    Execution Region ER_IROM1 (Base: 0x08000000, Size: 0x00002260, Max: 0x00100000, ABSOLUTE)

    Base Addr    Size         Type   Attr      Idx    E Section Name        Object

    0x08000000   0x00000188   Data   RO            3    RESET               startup_stm32f40_41xxx.o
    0x08000188   0x00000008   Code   RO         2386  * !!!main             c_w.l(__main.o)
    0x08000190   0x00000034   Code   RO         2543    !!!scatter          c_w.l(__scatter.o)
    0x080001c4   0x0000001a   Code   RO         2545    !!handler_copy      c_w.l(__scatter_copy.o)
    0x080001de   0x00000002   PAD
    0x080001e0   0x0000001c   Code   RO         2547    !!handler_zi        c_w.l(__scatter_zi.o)
    0x080001fc   0x00000002   Code   RO         2413    .ARM.Collect$$libinit$$00000000  c_w.l(libinit.o)
    0x080001fe   0x00000004   Code   RO         2419    .ARM.Collect$$libinit$$00000001  c_w.l(libinit2.o)
    0x08000202   0x00000000   Code   RO         2422    .ARM.Collect$$libinit$$00000004  c_w.l(libinit2.o)
    0x08000202   0x00000000   Code   RO         2425    .ARM.Collect$$libinit$$0000000A  c_w.l(libinit2.o)
    0x08000202   0x00000000   Code   RO         2427    .ARM.Collect$$libinit$$0000000C  c_w.l(libinit2.o)
    0x08000202   0x00000000   Code   RO         2429    .ARM.Collect$$libinit$$0000000E  c_w.l(libinit2.o)
    0x08000202   0x00000000   Code   RO         2432    .ARM.Collect$$libinit$$00000011  c_w.l(libinit2.o)
    0x08000202   0x00000000   Code   RO         2434    .ARM.Collect$$libinit$$00000013  c_w.l(libinit2.o)
    0x08000202   0x00000000   Code   RO         2436    .ARM.Collect$$libinit$$00000015  c_w.l(libinit2.o)
    0x08000202   0x00000000   Code   RO         2438    .ARM.Collect$$libinit$$00000017  c_w.l(libinit2.o)
    0x08000202   0x00000000   Code   RO         2440    .ARM.Collect$$libinit$$00000019  c_w.l(libinit2.o)
    0x08000202   0x00000000   Code   RO         2442    .ARM.Collect$$libinit$$0000001B  c_w.l(libinit2.o)
    0x08000202   0x00000000   Code   RO         2444    .ARM.Collect$$libinit$$0000001D  c_w.l(libinit2.o)
    0x08000202   0x00000000   Code   RO         2446    .ARM.Collect$$libinit$$0000001F  c_w.l(libinit2.o)
    0x08000202   0x00000000   Code   RO         2448    .ARM.Collect$$libinit$$00000021  c_w.l(libinit2.o)
    0x08000202   0x00000000   Code   RO         2450    .ARM.Collect$$libinit$$00000023  c_w.l(libinit2.o)
    0x08000202   0x00000000   Code   RO         2452    .ARM.Collect$$libinit$$00000025  c_w.l(libinit2.o)
    0x08000202   0x00000000   Code   RO         2456    .ARM.Collect$$libinit$$0000002C  c_w.l(libinit2.o)
    0x08000202   0x00000000   Code   RO         2458    .ARM.Collect$$libinit$$0000002E  c_w.l(libinit2.o)
    0x08000202   0x00000000   Code   RO         2460    .ARM.Collect$$libinit$$00000030  c_w.l(libinit2.o)
    0x08000202   0x00000000   Code   RO         2462    .ARM.Collect$$libinit$$00000032  c_w.l(libinit2.o)
    0x08000202   0x00000002   Code   RO         2463    .ARM.Collect$$libinit$$00000033  c_w.l(libinit2.o)
    0x08000204   0x00000002   Code   RO         2483    .ARM.Collect$$libshutdown$$00000000  c_w.l(libshutdown.o)
    0x08000206   0x00000000   Code   RO         2496    .ARM.Collect$$libshutdown$$00000002  c_w.l(libshutdown2.o)
    0x08000206   0x00000000   Code   RO         2498    .ARM.Collect$$libshutdown$$00000004  c_w.l(libshutdown2.o)
    0x08000206   0x00000000   Code   RO         2501    .ARM.Collect$$libshutdown$$00000007  c_w.l(libshutdown2.o)
    0x08000206   0x00000000   Code   RO         2504    .ARM.Collect$$libshutdown$$0000000A  c_w.l(libshutdown2.o)
    0x08000206   0x00000000   Code   RO         2506    .ARM.Collect$$libshutdown$$0000000C  c_w.l(libshutdown2.o)
    0x08000206   0x00000000   Code   RO         2509    .ARM.Collect$$libshutdown$$0000000F  c_w.l(libshutdown2.o)
    0x08000206   0x00000002   Code   RO         2510    .ARM.Collect$$libshutdown$$00000010  c_w.l(libshutdown2.o)
    0x08000208   0x00000000   Code   RO         2388    .ARM.Collect$$rtentry$$00000000  c_w.l(__rtentry.o)
    0x08000208   0x00000000   Code   RO         2390    .ARM.Collect$$rtentry$$00000002  c_w.l(__rtentry2.o)
    0x08000208   0x00000006   Code   RO         2402    .ARM.Collect$$rtentry$$00000004  c_w.l(__rtentry4.o)
    0x0800020e   0x00000000   Code   RO         2392    .ARM.Collect$$rtentry$$00000009  c_w.l(__rtentry2.o)
    0x0800020e   0x00000004   Code   RO         2393    .ARM.Collect$$rtentry$$0000000A  c_w.l(__rtentry2.o)
    0x08000212   0x00000000   Code   RO         2395    .ARM.Collect$$rtentry$$0000000C  c_w.l(__rtentry2.o)
    0x08000212   0x00000008   Code   RO         2396    .ARM.Collect$$rtentry$$0000000D  c_w.l(__rtentry2.o)
    0x0800021a   0x00000002   Code   RO         2417    .ARM.Collect$$rtexit$$00000000  c_w.l(rtexit.o)
    0x0800021c   0x00000000   Code   RO         2465    .ARM.Collect$$rtexit$$00000002  c_w.l(rtexit2.o)
    0x0800021c   0x00000004   Code   RO         2466    .ARM.Collect$$rtexit$$00000003  c_w.l(rtexit2.o)
    0x08000220   0x00000006   Code   RO         2467    .ARM.Collect$$rtexit$$00000004  c_w.l(rtexit2.o)
    0x08000226   0x00000002   PAD
    0x08000228   0x00000040   Code   RO            4    .text               startup_stm32f40_41xxx.o
    0x08000268   0x00000064   Code   RO         2382    .text               c_w.l(rt_memcpy_w.o)
    0x080002cc   0x00000006   Code   RO         2384    .text               c_w.l(heapauxi.o)
    0x080002d2   0x0000004a   Code   RO         2404    .text               c_w.l(sys_stackheap_outer.o)
    0x0800031c   0x00000012   Code   RO         2406    .text               c_w.l(exit.o)
    0x0800032e   0x00000002   PAD
    0x08000330   0x00000008   Code   RO         2414    .text               c_w.l(libspace.o)
    0x08000338   0x0000000c   Code   RO         2475    .text               c_w.l(sys_exit.o)
    0x08000344   0x00000002   Code   RO         2486    .text               c_w.l(use_no_semi.o)
    0x08000346   0x00000000   Code   RO         2488    .text               c_w.l(indicate_semi.o)
    0x08000346   0x00000004   Code   RO         1822    i.BusFault_Handler  stm32f4xx_it.o
    0x0800034a   0x00000018   Code   RO         1969    i.ByteArrayCopyByteArray  dwin_lcd.o
    0x08000362   0x00000028   Code   RO         1970    i.ByteArrayCopyHalfWordArray  dwin_lcd.o
    0x0800038a   0x0000001a   Code   RO         2049    i.CRC16_Check       crc16.o
    0x080003a4   0x00000038   Code   RO         2050    i.CRC16_CheckCompute  crc16.o
    0x080003dc   0x00000020   Code   RO         2292    i.DMA1_Stream1_IRQHandler  usart3.o
    0x080003fc   0x00000044   Code   RO         2293    i.DMA1_Stream4_IRQHandler  usart3.o
    0x08000440   0x00000034   Code   RO         1508    i.DMA_ClearITPendingBit  stm32f4xx_dma.o
    0x08000474   0x00000016   Code   RO         1509    i.DMA_Cmd           stm32f4xx_dma.o
    0x0800048a   0x00000008   Code   RO         1515    i.DMA_GetCurrDataCounter  stm32f4xx_dma.o
    0x08000492   0x00000002   PAD
    0x08000494   0x00000064   Code   RO         1519    i.DMA_GetITStatus   stm32f4xx_dma.o
    0x080004f8   0x0000003a   Code   RO         1520    i.DMA_ITConfig      stm32f4xx_dma.o
    0x08000532   0x00000002   PAD
    0x08000534   0x00000058   Code   RO         1521    i.DMA_Init          stm32f4xx_dma.o
    0x0800058c   0x00000030   Code   RO         1971    i.DWIN_LCD_AddrMapDataRead  dwin_lcd.o
    0x080005bc   0x00000030   Code   RO         1972    i.DWIN_LCD_AddrMapDataWrite  dwin_lcd.o
    0x080005ec   0x00000012   Code   RO         2252    i.DWIN_LCD_AndMCUCommunication  dwin_lcd_communication.o
    0x080005fe   0x00000002   PAD
    0x08000600   0x00000020   Code   RO         2253    i.DWIN_LCD_DisplayInit  dwin_lcd_communication.o
    0x08000620   0x00000088   Code   RO         2254    i.DWIN_LCD_DisplaySetFrequency  dwin_lcd_communication.o
    0x080006a8   0x00000088   Code   RO         2255    i.DWIN_LCD_DisplaySetLineVoltage  dwin_lcd_communication.o
    0x08000730   0x000000ac   Code   RO         1973    i.DWIN_LCD_ReadReceiveFrame  dwin_lcd.o
    0x080007dc   0x00000044   Code   RO         1974    i.DWIN_LCD_ReceiveFunction_0X83  dwin_lcd.o
    0x08000820   0x00000050   Code   RO         1975    i.DWIN_LCD_ReceiveHandleFunction  dwin_lcd.o
    0x08000870   0x00000064   Code   RO         1976    i.DWIN_LCD_SendFunction_0X82  dwin_lcd.o
    0x080008d4   0x0000003c   Code   RO         1977    i.DWIN_LCD_SendFunction_0X83  dwin_lcd.o
    0x08000910   0x00000050   Code   RO         1978    i.DWIN_LCD_SendHandleFunction  dwin_lcd.o
    0x08000960   0x00000002   Code   RO         1823    i.DebugMon_Handler  stm32f4xx_it.o
    0x08000962   0x00000002   PAD
    0x08000964   0x00000038   Code   RO         2226    i.FPGA_SetOutputFrequency  fpga_communication.o
    0x0800099c   0x0000001c   Code   RO         2227    i.FPGA_SetOutputVoltageAmplitude  fpga_communication.o
    0x080009b8   0x000001c0   Code   RO         2196    i.FSMC_GPIO_Config  fsmc.o
    0x08000b78   0x0000001c   Code   RO         2197    i.FSMC_Init         fsmc.o
    0x08000b94   0x0000006e   Code   RO         2198    i.FSMC_MODE_Config  fsmc.o
    0x08000c02   0x00000002   PAD
    0x08000c04   0x00000034   Code   RO          205    i.FSMC_NORSRAMCmd   stm32f4xx_fsmc.o
    0x08000c38   0x000000e6   Code   RO          207    i.FSMC_NORSRAMInit  stm32f4xx_fsmc.o
    0x08000d1e   0x00000090   Code   RO          326    i.GPIO_Init         stm32f4xx_gpio.o
    0x08000dae   0x00000046   Code   RO          327    i.GPIO_PinAFConfig  stm32f4xx_gpio.o
    0x08000df4   0x00000004   Code   RO          334    i.GPIO_SetBits      stm32f4xx_gpio.o
    0x08000df8   0x00000008   Code   RO          336    i.GPIO_ToggleBits   stm32f4xx_gpio.o
    0x08000e00   0x00000020   Code   RO         1979    i.HalfWordArrayCopyByteArray  dwin_lcd.o
    0x08000e20   0x00000004   Code   RO         1824    i.HardFault_Handler  stm32f4xx_it.o
    0x08000e24   0x0000005c   Code   RO         1893    i.LED_GPIO_Config   led.o
    0x08000e80   0x00000010   Code   RO         1894    i.LED_Init          led.o
    0x08000e90   0x00000004   Code   RO         1825    i.MemManage_Handler  stm32f4xx_it.o
    0x08000e94   0x00000002   Code   RO         1826    i.NMI_Handler       stm32f4xx_it.o
    0x08000e96   0x00000002   PAD
    0x08000e98   0x00000078   Code   RO           93    i.NVIC_Init         misc.o
    0x08000f10   0x00000014   Code   RO           94    i.NVIC_PriorityGroupConfig  misc.o
    0x08000f24   0x00000002   Code   RO         1827    i.PendSV_Handler    stm32f4xx_it.o
    0x08000f26   0x00000002   PAD
    0x08000f28   0x00000020   Code   RO          423    i.RCC_AHB1PeriphClockCmd  stm32f4xx_rcc.o
    0x08000f48   0x00000020   Code   RO          429    i.RCC_AHB3PeriphClockCmd  stm32f4xx_rcc.o
    0x08000f68   0x00000020   Code   RO          432    i.RCC_APB1PeriphClockCmd  stm32f4xx_rcc.o
    0x08000f88   0x000000e8   Code   RO          444    i.RCC_GetClocksFreq  stm32f4xx_rcc.o
    0x08001070   0x00000002   Code   RO         1828    i.SVC_Handler       stm32f4xx_it.o
    0x08001072   0x00000002   PAD
    0x08001074   0x000000ec   Code   RO           12    i.SetSysClock       system_stm32f4xx.o
    0x08001160   0x00000002   Code   RO         1829    i.SysTick_Handler   stm32f4xx_it.o
    0x08001162   0x00000002   PAD
    0x08001164   0x00000068   Code   RO           14    i.SystemInit        system_stm32f4xx.o
    0x080011cc   0x0000003a   Code   RO          757    i.TI1_Config        stm32f4xx_tim.o
    0x08001206   0x00000050   Code   RO          758    i.TI2_Config        stm32f4xx_tim.o
    0x08001256   0x00000048   Code   RO          759    i.TI3_Config        stm32f4xx_tim.o
    0x0800129e   0x00000050   Code   RO          760    i.TI4_Config        stm32f4xx_tim.o
    0x080012ee   0x00000002   PAD
    0x080012f0   0x00000030   Code   RO         2137    i.TIM3_Encoder_GetData  time3_encoder.o
    0x08001320   0x00000020   Code   RO         2138    i.TIM3_Encoder_Init  time3_encoder.o
    0x08001340   0x00000064   Code   RO         2139    i.TIM3_Encoder_SetData  time3_encoder.o
    0x080013a4   0x00000040   Code   RO         2140    i.TIM3_GPIO_Config  time3_encoder.o
    0x080013e4   0x0000004c   Code   RO         2141    i.TIM3_IRQHandler   time3_encoder.o
    0x08001430   0x0000009c   Code   RO         2142    i.TIM3_Mode_Config  time3_encoder.o
    0x080014cc   0x00000022   Code   RO         2143    i.TIM3_NVIC_Configuration  time3_encoder.o
    0x080014ee   0x00000002   PAD
    0x080014f0   0x00000030   Code   RO         2078    i.TIM5_Encoder_GetData  time5_encoder.o
    0x08001520   0x00000020   Code   RO         2079    i.TIM5_Encoder_Init  time5_encoder.o
    0x08001540   0x0000005c   Code   RO         2080    i.TIM5_Encoder_SetData  time5_encoder.o
    0x0800159c   0x00000044   Code   RO         2081    i.TIM5_GPIO_Config  time5_encoder.o
    0x080015e0   0x0000004c   Code   RO         2082    i.TIM5_IRQHandler   time5_encoder.o
    0x0800162c   0x0000009c   Code   RO         2083    i.TIM5_Mode_Config  time5_encoder.o
    0x080016c8   0x00000020   Code   RO         2084    i.TIM5_NVIC_Configuration  time5_encoder.o
    0x080016e8   0x00000030   Code   RO         1918    i.TIM6_100MsFinish  time6.o
    0x08001718   0x00000030   Code   RO         1919    i.TIM6_50MsFinish   time6.o
    0x08001748   0x00000034   Code   RO         1920    i.TIM6_DAC_IRQHandler  time6.o
    0x0800177c   0x00000014   Code   RO         1921    i.TIM6_Init         time6.o
    0x08001790   0x00000044   Code   RO         1922    i.TIM6_MODE_Config  time6.o
    0x080017d4   0x00000022   Code   RO         1923    i.TIM6_NVIC_Config  time6.o
    0x080017f6   0x00000018   Code   RO          761    i.TIM_ARRPreloadConfig  stm32f4xx_tim.o
    0x0800180e   0x00000006   Code   RO          767    i.TIM_ClearFlag     stm32f4xx_tim.o
    0x08001814   0x00000006   Code   RO          768    i.TIM_ClearITPendingBit  stm32f4xx_tim.o
    0x0800181a   0x00000018   Code   RO          773    i.TIM_Cmd           stm32f4xx_tim.o
    0x08001832   0x00000042   Code   RO          782    i.TIM_EncoderInterfaceConfig  stm32f4xx_tim.o
    0x08001874   0x00000006   Code   RO          792    i.TIM_GetCounter    stm32f4xx_tim.o
    0x0800187a   0x00000022   Code   RO          794    i.TIM_GetITStatus   stm32f4xx_tim.o
    0x0800189c   0x0000006e   Code   RO          796    i.TIM_ICInit        stm32f4xx_tim.o
    0x0800190a   0x00000012   Code   RO          798    i.TIM_ITConfig      stm32f4xx_tim.o
    0x0800191c   0x00000004   Code   RO          839    i.TIM_SetCounter    stm32f4xx_tim.o
    0x08001920   0x00000012   Code   RO          840    i.TIM_SetIC1Prescaler  stm32f4xx_tim.o
    0x08001932   0x0000001a   Code   RO          841    i.TIM_SetIC2Prescaler  stm32f4xx_tim.o
    0x0800194c   0x00000012   Code   RO          842    i.TIM_SetIC3Prescaler  stm32f4xx_tim.o
    0x0800195e   0x0000001a   Code   RO          843    i.TIM_SetIC4Prescaler  stm32f4xx_tim.o
    0x08001978   0x00000084   Code   RO          845    i.TIM_TimeBaseInit  stm32f4xx_tim.o
    0x080019fc   0x00000012   Code   RO          846    i.TIM_TimeBaseStructInit  stm32f4xx_tim.o
    0x08001a0e   0x00000002   PAD
    0x08001a10   0x000000b8   Code   RO         2294    i.USART3_DMA_Config  usart3.o
    0x08001ac8   0x0000009c   Code   RO         2295    i.USART3_DataSendTrigger  usart3.o
    0x08001b64   0x00000040   Code   RO         2297    i.USART3_GPIO_Config  usart3.o
    0x08001ba4   0x00000030   Code   RO         2298    i.USART3_IRQHandler  usart3.o
    0x08001bd4   0x00000034   Code   RO         2299    i.USART3_Init       usart3.o
    0x08001c08   0x00000034   Code   RO         2300    i.USART3_MemoryInit  usart3.o
    0x08001c3c   0x00000058   Code   RO         2301    i.USART3_Mode_Config  usart3.o
    0x08001c94   0x00000058   Code   RO         2302    i.USART3_NVIC_Config  usart3.o
    0x08001cec   0x00000078   Code   RO         2303    i.USART3_ReadDMAReceiveMulData  usart3.o
    0x08001d64   0x00000084   Code   RO         2304    i.USART3_WriteDMASendMulData  usart3.o
    0x08001de8   0x00000018   Code   RO         1323    i.USART_Cmd         stm32f4xx_usart.o
    0x08001e00   0x00000012   Code   RO         1324    i.USART_DMACmd      stm32f4xx_usart.o
    0x08001e12   0x00000054   Code   RO         1327    i.USART_GetITStatus  stm32f4xx_usart.o
    0x08001e66   0x0000004a   Code   RO         1329    i.USART_ITConfig    stm32f4xx_usart.o
    0x08001eb0   0x000000d4   Code   RO         1330    i.USART_Init        stm32f4xx_usart.o
    0x08001f84   0x0000000a   Code   RO         1337    i.USART_ReceiveData  stm32f4xx_usart.o
    0x08001f8e   0x00000004   Code   RO         1830    i.UsageFault_Handler  stm32f4xx_it.o
    0x08001f92   0x00000002   PAD
    0x08001f94   0x00000080   Code   RO         1766    i.main              main.o
    0x08002014   0x0000000a   Code   RO         2473    x$fpl$fpinit        fz_wm.l(fpinit.o)
    0x0800201e   0x00000200   Data   RO         2051    .constdata          crc16.o
    0x0800221e   0x00000002   PAD
    0x08002220   0x00000020   Data   RO         2256    .constdata          dwin_lcd_communication.o
    0x08002240   0x00000020   Data   RO         2541    Region$$Table       anon$$obj.o


    Execution Region RW_IRAM1 (Base: 0x20000000, Size: 0x000015f0, Max: 0x00020000, ABSOLUTE)

    Base Addr    Size         Type   Attr      Idx    E Section Name        Object

    0x20000000   0x00000010   Data   RW          476    .data               stm32f4xx_rcc.o
    0x20000010   0x00000014   Data   RW         1924    .data               time6.o
    0x20000024   0x00000005   Data   RW         1981    .data               dwin_lcd.o
    0x20000029   0x00000001   PAD
    0x2000002a   0x00000002   Data   RW         2085    .data               time5_encoder.o
    0x2000002c   0x00000002   Data   RW         2144    .data               time3_encoder.o
    0x2000002e   0x00000004   Data   RW         2257    .data               dwin_lcd_communication.o
    0x20000032   0x0000000b   Data   RW         2306    .data               usart3.o
    0x2000003d   0x00000003   PAD
    0x20000040   0x00000010   Zero   RW         1767    .bss                main.o
    0x20000050   0x00000140   Zero   RW         1980    .bss                dwin_lcd.o
    0x20000190   0x00000200   Zero   RW         2305    .bss                usart3.o
    0x20000390   0x00000060   Zero   RW         2415    .bss                c_w.l(libspace.o)
    0x200003f0   0x00000200   Zero   RW            2    HEAP                startup_stm32f40_41xxx.o
    0x200005f0   0x00001000   Zero   RW            1    STACK               startup_stm32f40_41xxx.o


==============================================================================

Image component sizes


      Code (inc. data)   RO Data    RW Data    ZI Data      Debug   Object Name

        82         10        512          0          0       2161   crc16.o
       752         60          0          5        320      10339   dwin_lcd.o
       322         12         32          4          0       3070   dwin_lcd_communication.o
        84         18          0          0          0       1471   fpga_communication.o
       586         16          0          0          0       2112   fsmc.o
       108          6          0          0          0       1135   led.o
       128         10          0          0         16       1432   main.o
       140         24          0          0          0       1807   misc.o
        64         26        392          0       4608        972   startup_stm32f40_41xxx.o
       328         38          0          0          0       5627   stm32f4xx_dma.o
       282          6          0          0          0       2089   stm32f4xx_fsmc.o
       226          0          0          0          0       3324   stm32f4xx_gpio.o
        26          0          0          0          0       4814   stm32f4xx_it.o
       328         36          0         16          0       5131   stm32f4xx_rcc.o
       826         28          0          0          0      15030   stm32f4xx_tim.o
       422          8          0          0          0       5485   stm32f4xx_usart.o
       340         32          0          0          0     304613   system_stm32f4xx.o
       510         34          0          2          0       4937   time3_encoder.o
       504         34          0          2          0       4937   time5_encoder.o
       270         44          0         20          0       3880   time6.o
      1084        140          0         11        512       9000   usart3.o

    ----------------------------------------------------------------------
      7438        582        970         64       5456     393366   Object Totals
         0          0         32          0          0          0   (incl. Generated)
        26          0          2          4          0          0   (incl. Padding)

    ----------------------------------------------------------------------

      Code (inc. data)   RO Data    RW Data    ZI Data      Debug   Library Member Name

         8          0          0          0          0         68   __main.o
         0          0          0          0          0          0   __rtentry.o
        12          0          0          0          0          0   __rtentry2.o
         6          0          0          0          0          0   __rtentry4.o
        52          8          0          0          0          0   __scatter.o
        26          0          0          0          0          0   __scatter_copy.o
        28          0          0          0          0          0   __scatter_zi.o
        18          0          0          0          0         80   exit.o
         6          0          0          0          0        152   heapauxi.o
         0          0          0          0          0          0   indicate_semi.o
         2          0          0          0          0          0   libinit.o
         6          0          0          0          0          0   libinit2.o
         2          0          0          0          0          0   libshutdown.o
         2          0          0          0          0          0   libshutdown2.o
         8          4          0          0         96         68   libspace.o
       100          0          0          0          0         80   rt_memcpy_w.o
         2          0          0          0          0          0   rtexit.o
        10          0          0          0          0          0   rtexit2.o
        12          4          0          0          0         68   sys_exit.o
        74          0          0          0          0         80   sys_stackheap_outer.o
         2          0          0          0          0         68   use_no_semi.o
        10          0          0          0          0        116   fpinit.o

    ----------------------------------------------------------------------
       392         16          0          0         96        780   Library Totals
         6          0          0          0          0          0   (incl. Padding)

    ----------------------------------------------------------------------

      Code (inc. data)   RO Data    RW Data    ZI Data      Debug   Library Name

       376         16          0          0         96        664   c_w.l
        10          0          0          0          0        116   fz_wm.l

    ----------------------------------------------------------------------
       392         16          0          0         96        780   Library Totals

    ----------------------------------------------------------------------

==============================================================================


      Code (inc. data)   RO Data    RW Data    ZI Data      Debug   

      7830        598        970         64       5552     383238   Grand Totals
      7830        598        970         64       5552     383238   ELF Image Totals
      7830        598        970         64          0          0   ROM Totals

==============================================================================

    Total RO  Size (Code + RO Data)                 8800 (   8.59kB)
    Total RW  Size (RW Data + ZI Data)              5616 (   5.48kB)
    Total ROM Size (Code + RO Data + RW Data)       8864 (   8.66kB)

==============================================================================

